Archive member included to satisfy reference by file (symbol)

/Applications/ArmGNUToolchain/14.2.rel1/arm-none-eabi/bin/../lib/gcc/arm-none-eabi/14.2.1/thumb/v6-m/nofp/libgcc.a(_dvmd_tls.o)
                              CMakeFiles/my_pico_program.dir/lib/pico-sdk/src/rp2_common/pico_divider/divider_hardware.S.o (__aeabi_idiv0)
/Applications/ArmGNUToolchain/14.2.rel1/arm-none-eabi/bin/../lib/gcc/arm-none-eabi/14.2.1/../../../../arm-none-eabi/lib/thumb/v6-m/nofp/libg.a(libc_a-calloc.o)
                              CMakeFiles/my_pico_program.dir/lib/pico-sdk/src/rp2_common/pico_malloc/malloc.c.o (calloc)
/Applications/ArmGNUToolchain/14.2.rel1/arm-none-eabi/bin/../lib/gcc/arm-none-eabi/14.2.1/../../../../arm-none-eabi/lib/thumb/v6-m/nofp/libg.a(libc_a-callocr.o)
                              /Applications/ArmGNUToolchain/14.2.rel1/arm-none-eabi/bin/../lib/gcc/arm-none-eabi/14.2.1/../../../../arm-none-eabi/lib/thumb/v6-m/nofp/libg.a(libc_a-calloc.o) (_calloc_r)
/Applications/ArmGNUToolchain/14.2.rel1/arm-none-eabi/bin/../lib/gcc/arm-none-eabi/14.2.1/../../../../arm-none-eabi/lib/thumb/v6-m/nofp/libg.a(libc_a-malloc.o)
                              CMakeFiles/my_pico_program.dir/lib/pico-sdk/src/rp2_common/pico_malloc/malloc.c.o (malloc)
/Applications/ArmGNUToolchain/14.2.rel1/arm-none-eabi/bin/../lib/gcc/arm-none-eabi/14.2.1/../../../../arm-none-eabi/lib/thumb/v6-m/nofp/libg.a(libc_a-mallocr.o)
                              /Applications/ArmGNUToolchain/14.2.rel1/arm-none-eabi/bin/../lib/gcc/arm-none-eabi/14.2.1/../../../../arm-none-eabi/lib/thumb/v6-m/nofp/libg.a(libc_a-callocr.o) (_malloc_r)
/Applications/ArmGNUToolchain/14.2.rel1/arm-none-eabi/bin/../lib/gcc/arm-none-eabi/14.2.1/../../../../arm-none-eabi/lib/thumb/v6-m/nofp/libg.a(libc_a-mlock.o)
                              /Applications/ArmGNUToolchain/14.2.rel1/arm-none-eabi/bin/../lib/gcc/arm-none-eabi/14.2.1/../../../../arm-none-eabi/lib/thumb/v6-m/nofp/libg.a(libc_a-mallocr.o) (__malloc_lock)
/Applications/ArmGNUToolchain/14.2.rel1/arm-none-eabi/bin/../lib/gcc/arm-none-eabi/14.2.1/../../../../arm-none-eabi/lib/thumb/v6-m/nofp/libg.a(libc_a-fwrite.o)
                              CMakeFiles/my_pico_program.dir/src/main.cpp.o (fwrite)
/Applications/ArmGNUToolchain/14.2.rel1/arm-none-eabi/bin/../lib/gcc/arm-none-eabi/14.2.1/../../../../arm-none-eabi/lib/thumb/v6-m/nofp/libg.a(libc_a-realloc.o)
                              CMakeFiles/my_pico_program.dir/lib/pico-sdk/src/rp2_common/pico_malloc/malloc.c.o (realloc)
/Applications/ArmGNUToolchain/14.2.rel1/arm-none-eabi/bin/../lib/gcc/arm-none-eabi/14.2.1/../../../../arm-none-eabi/lib/thumb/v6-m/nofp/libg.a(libc_a-reallocr.o)
                              /Applications/ArmGNUToolchain/14.2.rel1/arm-none-eabi/bin/../lib/gcc/arm-none-eabi/14.2.1/../../../../arm-none-eabi/lib/thumb/v6-m/nofp/libg.a(libc_a-realloc.o) (_realloc_r)
/Applications/ArmGNUToolchain/14.2.rel1/arm-none-eabi/bin/../lib/gcc/arm-none-eabi/14.2.1/../../../../arm-none-eabi/lib/thumb/v6-m/nofp/libg.a(libc_a-fflush.o)
                              CMakeFiles/my_pico_program.dir/src/main.cpp.o (fflush)
/Applications/ArmGNUToolchain/14.2.rel1/arm-none-eabi/bin/../lib/gcc/arm-none-eabi/14.2.1/../../../../arm-none-eabi/lib/thumb/v6-m/nofp/libg.a(libc_a-findfp.o)
                              /Applications/ArmGNUToolchain/14.2.rel1/arm-none-eabi/bin/../lib/gcc/arm-none-eabi/14.2.1/../../../../arm-none-eabi/lib/thumb/v6-m/nofp/libg.a(libc_a-fflush.o) (__sglue)
/Applications/ArmGNUToolchain/14.2.rel1/arm-none-eabi/bin/../lib/gcc/arm-none-eabi/14.2.1/../../../../arm-none-eabi/lib/thumb/v6-m/nofp/libg.a(libc_a-memcmp.o)
                              CMakeFiles/my_pico_program.dir/lib/pico-sdk/src/rp2_common/pico_atomic/atomic.c.o (memcmp)
/Applications/ArmGNUToolchain/14.2.rel1/arm-none-eabi/bin/../lib/gcc/arm-none-eabi/14.2.1/../../../../arm-none-eabi/lib/thumb/v6-m/nofp/libg.a(libc_a-memmove.o)
                              /Applications/ArmGNUToolchain/14.2.rel1/arm-none-eabi/bin/../lib/gcc/arm-none-eabi/14.2.1/../../../../arm-none-eabi/lib/thumb/v6-m/nofp/libg.a(libc_a-reallocr.o) (memmove)
/Applications/ArmGNUToolchain/14.2.rel1/arm-none-eabi/bin/../lib/gcc/arm-none-eabi/14.2.1/../../../../arm-none-eabi/lib/thumb/v6-m/nofp/libg.a(libc_a-lcltime_r.o)
                              CMakeFiles/my_pico_program.dir/lib/pico-sdk/src/common/pico_util/datetime.c.o (localtime_r)
/Applications/ArmGNUToolchain/14.2.rel1/arm-none-eabi/bin/../lib/gcc/arm-none-eabi/14.2.1/../../../../arm-none-eabi/lib/thumb/v6-m/nofp/libg.a(libc_a-mktime.o)
                              CMakeFiles/my_pico_program.dir/lib/pico-sdk/src/common/pico_util/datetime.c.o (mktime)
/Applications/ArmGNUToolchain/14.2.rel1/arm-none-eabi/bin/../lib/gcc/arm-none-eabi/14.2.1/../../../../arm-none-eabi/lib/thumb/v6-m/nofp/libg.a(libc_a-month_lengths.o)
[...]
Memory Configuration

Name             Origin             Length             Attributes
FLASH            0x10000000         0x00200000         xr
RAM              0x20000000         0x00040000         xrw
SCRATCH_X        0x20040000         0x00001000         xrw
SCRATCH_Y        0x20041000         0x00001000         xrw
*default*        0x00000000         0xffffffff

Linker script and memory map

LOAD /Applications/ArmGNUToolchain/14.2.rel1/arm-none-eabi/bin/../lib/gcc/arm-none-eabi/14.2.1/thumb/v6-m/nofp/crti.o
LOAD /Applications/ArmGNUToolchain/14.2.rel1/arm-none-eabi/bin/../lib/gcc/arm-none-eabi/14.2.1/thumb/v6-m/nofp/crtbegin.o
LOAD /Applications/ArmGNUToolchain/14.2.rel1/arm-none-eabi/bin/../lib/gcc/arm-none-eabi/14.2.1/../../../../arm-none-eabi/lib/thumb/v6-m/nofp/crt0.o

.flash_begin    0x10000000        0x0
                0x10000000                        __flash_binary_start = .

.boot2          0x10000000      0x100
                0x10000000                        __boot2_start__ = .
 *(.boot2)
 .boot2         0x10000000      0x100 pico-sdk/src/rp2040/boot_stage2/CMakeFiles/bs2_default_library.dir/bs2_default_padded_checksummed.S.o
                0x10000100                        __boot2_end__ = .
                0x00000001                        ASSERT (((__boot2_end__ - __boot2_start__) == 0x100), ERROR: Pico second stage bootloader must be 256 bytes in size)

.text           0x10000100     0x6884
                0x10000100                        __logical_binary_start = .
 *(.vectors)
 .vectors       0x10000100       0xd4 CMakeFiles/my_pico_program.dir/lib/pico-sdk/src/rp2_common/pico_crt0/crt0.S.o
                0x10000100                __VECTOR_TABLE
                0x10000100                __vectors
                0x100001c0                __default_isrs_start
                0x100001c0                isr_invalid
                0x100001c2                isr_nmi
                0x100001c4                isr_hardfault
                0x100001c6                isr_svcall
                0x100001c8                isr_pendsv
                0x100001ca                isr_systick
                0x100001cc                isr_irq28
                0x100001cc                isr_irq19
                0x100001cc                isr_irq0
                0x100001cc                isr_irq6
                0x100001cc                isr_irq22
                0x100001cc                isr_irq17
                0x100001cc                isr_irq14
                0x100001cc                isr_irq2
                0x100001cc                isr_irq10
                0x100001cc                isr_irq8
                0x100001cc                isr_irq24
                0x100001cc                isr_irq1
                0x100001cc                isr_irq7
                0x100001cc                isr_irq21
                0x100001cc                isr_irq20
                0x100001cc                isr_irq15
                0x100001cc                isr_irq25
                0x100001cc                isr_irq4
                0x100001cc                isr_irq16
                0x100001cc                isr_irq29
                0x100001cc                isr_irq26
                0x100001cc                __default_isrs_end
                0x100001cc                isr_irq3
                0x100001cc                isr_irq9
                0x100001cc                __unhandled_user_irq
                0x100001cc                isr_irq13
                0x100001cc                isr_irq27
                0x100001cc                isr_irq31
                0x100001cc                isr_irq5
                0x100001cc                isr_irq11
                0x100001cc                isr_irq23
                0x100001cc                isr_irq18
                0x100001cc                isr_irq30
                0x100001cc                isr_irq12
                0x100001d2                unhandled_user_irq_num_in_r0
 *(.binary_info_header)
 .binary_info_header
                0x100001d4       0x14 CMakeFiles/my_pico_program.dir/lib/pico-sdk/src/rp2_common/pico_crt0/crt0.S.o
                0x100001e8                        __binary_info_header_end = .
 *(.embedded_block)
                0x100001e8                        __embedded_block_end = .
 *(.reset)
 .reset         0x100001e8       0x9c CMakeFiles/my_pico_program.dir/lib/pico-sdk/src/rp2_common/pico_crt0/crt0.S.o
                0x100001e8                _entry_point
 *(.init)
 .init          0x10000284        0x4 /Applications/ArmGNUToolchain/14.2.rel1/arm-none-eabi/bin/../lib/gcc/arm-none-eabi/14.2.1/thumb/v6-m/nofp/crti.o
                0x10000284                _init
 *(EXCLUDE_FILE(*libm.a: *libc.a:*lib_a-mem*.o *libgcc.a:) .text*)
 .text.register_tm_clones
                0x10000288       0x28 /Applications/ArmGNUToolchain/14.2.rel1/arm-none-eabi/bin/../lib/gcc/arm-none-eabi/14.2.1/thumb/v6-m/nofp/crtbegin.o
 .text.frame_dummy
                0x100002b0       0x24 /Applications/ArmGNUToolchain/14.2.rel1/arm-none-eabi/bin/../lib/gcc/arm-none-eabi/14.2.1/thumb/v6-m/nofp/crtbegin.o
 .text._Z11dma_handlerv
                0x100002d4       0x70 CMakeFiles/my_pico_program.dir/src/main.cpp.o
                0x100002d4                dma_handler()
 .text._Z14timer_callbackP15repeating_timer
                0x10000344       0x2c CMakeFiles/my_pico_program.dir/src/main.cpp.o
                0x10000344                timer_callback(repeating_timer*)
 .text.adc_gpio_init
                0x10000370       0x20 CMakeFiles/my_pico_program.dir/src/main.cpp.o
 .text.startup.main
                0x10000390      0x160 CMakeFiles/my_pico_program.dir/src/main.cpp.o
                0x10000390                main
 .text.gpio_set_function
                0x100004f0       0x34 CMakeFiles/my_pico_program.dir/lib/pico-sdk/src/rp2_common/hardware_gpio/gpio.c.o
                0x100004f0                gpio_set_function
 .text.gpio_set_pulls
                0x10000524       0x28 CMakeFiles/my_pico_program.dir/lib/pico-sdk/src/rp2_common/hardware_gpio/gpio.c.o
                0x10000524                gpio_set_pulls
 .text.gpio_set_input_enabled
                0x1000054c       0x28 CMakeFiles/my_pico_program.dir/lib/pico-sdk/src/rp2_common/hardware_gpio/gpio.c.o
                0x1000054c                gpio_set_input_enabled
 .text.rp2040_chip_version
                0x10000574        0xc CMakeFiles/my_pico_program.dir/lib/pico-sdk/src/rp2040/pico_platform/platform.c.o
                0x10000574                rp2040_chip_version
 .text.panic    0x10000580       0x30 CMakeFiles/my_pico_program.dir/lib/pico-sdk/src/rp2_common/pico_platform_panic/panic.c.o
                0x10000580                panic
 .text.hw_claim_or_assert
                0x100005b0       0x44 CMakeFiles/my_pico_program.dir/lib/pico-sdk/src/common/hardware_claim/claim.c.o
                0x100005b0                hw_claim_or_assert
 .text.hw_claim_unused_from_range
                0x100005f4       0x88 CMakeFiles/my_pico_program.dir/lib/pico-sdk/src/common/hardware_claim/claim.c.o
                0x100005f4                hw_claim_unused_from_range
 .text.next_striped_spin_lock_num
                0x1000067c       0x18 CMakeFiles/my_pico_program.dir/lib/pico-sdk/src/rp2_common/hardware_sync/sync.c.o
                0x1000067c                next_striped_spin_lock_num
 .text.spin_lock_claim_unused
                0x10000694       0x24 CMakeFiles/my_pico_program.dir/lib/pico-sdk/src/rp2_common/hardware_sync/sync.c.o
                0x10000694                spin_lock_claim_unused
 .text.spin_locks_reset
                0x100006b8       0x1c CMakeFiles/my_pico_program.dir/lib/pico-sdk/src/rp2_common/hardware_sync_spin_lock/sync_spin_lock.c.o
                0x100006b8                spin_locks_reset
 .text.runtime_init_per_core_irq_priorities
                0x100006d4       0x24 CMakeFiles/my_pico_program.dir/lib/pico-sdk/src/rp2_common/hardware_irq/irq.c.o
                0x100006d4                runtime_init_per_core_irq_priorities
 .text.irq_set_enabled
                0x100006f8       0x24 CMakeFiles/my_pico_program.dir/lib/pico-sdk/src/rp2_common/hardware_irq/irq.c.o
                0x100006f8                irq_set_enabled
 .text.irq_is_enabled
                0x1000071c       0x18 CMakeFiles/my_pico_program.dir/lib/pico-sdk/src/rp2_common/hardware_irq/irq.c.o
                0x1000071c                irq_is_enabled
 .text.irq_set_pending
                0x10000734       0x10 CMakeFiles/my_pico_program.dir/lib/pico-sdk/src/rp2_common/hardware_irq/irq.c.o
                0x10000734                irq_set_pending
 .text.irq_has_shared_handler
                0x10000744       0x24 CMakeFiles/my_pico_program.dir/lib/pico-sdk/src/rp2_common/hardware_irq/irq.c.o
                0x10000744                irq_has_shared_handler
 .text.irq_set_exclusive_handler
                0x10000768       0x54 CMakeFiles/my_pico_program.dir/lib/pico-sdk/src/rp2_common/hardware_irq/irq.c.o
                0x10000768                irq_set_exclusive_handler
 .text.irq_add_shared_handler
                0x100007bc      0x1f4 CMakeFiles/my_pico_program.dir/lib/pico-sdk/src/rp2_common/hardware_irq/irq.c.o
                0x100007bc                irq_add_shared_handler
 .text.irq_remove_handler
                0x100009b0      0x1d4 CMakeFiles/my_pico_program.dir/lib/pico-sdk/src/rp2_common/hardware_irq/irq.c.o
                0x100009b0                irq_remove_handler
 .text.irq_add_tail_to_free_list
                0x10000b84       0xb4 CMakeFiles/my_pico_program.dir/lib/pico-sdk/src/rp2_common/hardware_irq/irq.c.o
                0x10000b84                irq_add_tail_to_free_list
 .text.user_irq_claim_unused
                0x10000c38       0x2c CMakeFiles/my_pico_program.dir/lib/pico-sdk/src/rp2_common/hardware_irq/irq.c.o
                0x10000c38                user_irq_claim_unused
 .text.lock_init
                0x10000c64       0x10 CMakeFiles/my_pico_program.dir/lib/pico-sdk/src/common/pico_sync/lock_core.c.o
                0x10000c64                lock_init
 .text.runtime_init_mutex
                0x10000c74       0x50 CMakeFiles/my_pico_program.dir/lib/pico-sdk/src/common/pico_sync/mutex.c.o
                0x10000c74                runtime_init_mutex
 .text.mutex_init
                0x10000cc4       0x1c CMakeFiles/my_pico_program.dir/lib/pico-sdk/src/common/pico_sync/mutex.c.o
                0x10000cc4                mutex_init
 .text.critical_section_init
                0x10000ce0       0x1c CMakeFiles/my_pico_program.dir/lib/pico-sdk/src/common/pico_sync/critical_section.c.o
                0x10000ce0                critical_section_init
 .text.critical_section_init_with_lock_num
                0x10000cfc       0x14 CMakeFiles/my_pico_program.dir/lib/pico-sdk/src/common/pico_sync/critical_section.c.o
                0x10000cfc                critical_section_init_with_lock_num
 .text.sleep_until_callback
                0x10000d10       0x30 CMakeFiles/my_pico_program.dir/lib/pico-sdk/src/common/pico_time/time.c.o
 .text.alarm_pool_irq_handler
                0x10000d40      0x300 CMakeFiles/my_pico_program.dir/lib/pico-sdk/src/common/pico_time/time.c.o
 .text.runtime_init_default_alarm_pool
                0x10001040       0xdc CMakeFiles/my_pico_program.dir/lib/pico-sdk/src/common/pico_time/time.c.o
                0x10001040                runtime_init_default_alarm_pool
 .text.alarm_pool_get_default
                0x1000111c        0x8 CMakeFiles/my_pico_program.dir/lib/pico-sdk/src/common/pico_time/time.c.o
                0x1000111c                alarm_pool_get_default
 .text.alarm_pool_add_alarm_at
                0x10001124       0xd0 CMakeFiles/my_pico_program.dir/lib/pico-sdk/src/common/pico_time/time.c.o
                0x10001124                alarm_pool_add_alarm_at
 .text.alarm_pool_add_alarm_at_force_in_context
                0x100011f4       0xb0 CMakeFiles/my_pico_program.dir/lib/pico-sdk/src/common/pico_time/time.c.o
                0x100011f4                alarm_pool_add_alarm_at_force_in_context
 .text.alarm_pool_cancel_alarm
                0x100012a4       0x74 CMakeFiles/my_pico_program.dir/lib/pico-sdk/src/common/pico_time/time.c.o
                0x100012a4                alarm_pool_cancel_alarm
 .text.alarm_pool_core_num
                0x10001318        0x4 CMakeFiles/my_pico_program.dir/lib/pico-sdk/src/common/pico_time/time.c.o
                0x10001318                alarm_pool_core_num
 .text.sleep_ms
                0x1000131c       0xfc CMakeFiles/my_pico_program.dir/lib/pico-sdk/src/common/pico_time/time.c.o
                0x1000131c                sleep_ms
 .text.best_effort_wfe_or_timeout
                0x10001418      0x10c CMakeFiles/my_pico_program.dir/lib/pico-sdk/src/common/pico_time/time.c.o
                0x10001418                best_effort_wfe_or_timeout
 .text.alarm_pool_add_repeating_timer_us
                0x10001524      0x124 CMakeFiles/my_pico_program.dir/lib/pico-sdk/src/common/pico_time/time.c.o
                0x10001524                alarm_pool_add_repeating_timer_us
 .text.timer_hardware_alarm_claim
                0x10001648       0x14 CMakeFiles/my_pico_program.dir/lib/pico-sdk/src/rp2_common/hardware_timer/timer.c.o
                0x10001648                timer_hardware_alarm_claim
 .text.timer_time_us_64
                0x1000165c       0x10 CMakeFiles/my_pico_program.dir/lib/pico-sdk/src/rp2_common/hardware_timer/timer.c.o
                0x1000165c                timer_time_us_64
 .text.time_us_64
                0x1000166c       0x14 CMakeFiles/my_pico_program.dir/lib/pico-sdk/src/rp2_common/hardware_timer/timer.c.o
                0x1000166c                time_us_64
 .text.busy_wait_us
                0x10001680       0x68 CMakeFiles/my_pico_program.dir/lib/pico-sdk/src/rp2_common/hardware_timer/timer.c.o
                0x10001680                busy_wait_us
 .text.busy_wait_until
                0x100016e8       0x20 CMakeFiles/my_pico_program.dir/lib/pico-sdk/src/rp2_common/hardware_timer/timer.c.o
                0x100016e8                busy_wait_until
 .text.uart_init
                0x10001708      0x120 CMakeFiles/my_pico_program.dir/lib/pico-sdk/src/rp2_common/hardware_uart/uart.c.o
                0x10001708                uart_init
 .text.clock_configure_int_divider
                0x10001828       0xf4 CMakeFiles/my_pico_program.dir/lib/pico-sdk/src/rp2_common/hardware_clocks/clocks.c.o
                0x10001828                clock_configure_int_divider
 .text.clock_configure_undivided
                0x1000191c       0xe8 CMakeFiles/my_pico_program.dir/lib/pico-sdk/src/rp2_common/hardware_clocks/clocks.c.o
                0x1000191c                clock_configure_undivided
 .text.clock_get_hz
                0x10001a04        0xc CMakeFiles/my_pico_program.dir/lib/pico-sdk/src/rp2_common/hardware_clocks/clocks.c.o
                0x10001a04                clock_get_hz
 .text.pll_init
                0x10001a10       0xa4 CMakeFiles/my_pico_program.dir/lib/pico-sdk/src/rp2_common/hardware_pll/pll.c.o
                0x10001a10                pll_init
 .text.watchdog_reboot
                0x10001ab4       0x9c CMakeFiles/my_pico_program.dir/lib/pico-sdk/src/rp2_common/hardware_watchdog/watchdog.c.o
                0x10001ab4                watchdog_reboot
 .text.tick_start
                0x10001b50       0x10 CMakeFiles/my_pico_program.dir/lib/pico-sdk/src/rp2_common/hardware_ticks/ticks.c.o
                0x10001b50                tick_start
 .text.rom_func_lookup
                0x10001b60       0x10 CMakeFiles/my_pico_program.dir/lib/pico-sdk/src/rp2_common/pico_bootrom/bootrom.c.o
                0x10001b60                rom_func_lookup
 .text.rom_data_lookup
                0x10001b70       0x10 CMakeFiles/my_pico_program.dir/lib/pico-sdk/src/rp2_common/pico_bootrom/bootrom.c.o
                0x10001b70                rom_data_lookup
 .text.rom_funcs_lookup
                0x10001b80       0x44 CMakeFiles/my_pico_program.dir/lib/pico-sdk/src/rp2_common/pico_bootrom/bootrom.c.o
                0x10001b80                rom_funcs_lookup
 .text.rom_reset_usb_boot_extra
                0x10001bc4       0x24 CMakeFiles/my_pico_program.dir/lib/pico-sdk/src/rp2_common/pico_bootrom/bootrom.c.o
                0x10001bc4                rom_reset_usb_boot_extra
 .text.xosc_init
                0x10001be8       0x28 CMakeFiles/my_pico_program.dir/lib/pico-sdk/src/rp2_common/hardware_xosc/xosc.c.o
                0x10001be8                xosc_init
 .text.first_per_core_initializer
                0x10001c10        0x4 CMakeFiles/my_pico_program.dir/lib/pico-sdk/src/rp2_common/pico_runtime/runtime.c.o
 .text.hard_assertion_failure
                0x10001c14        0xc CMakeFiles/my_pico_program.dir/lib/pico-sdk/src/rp2_common/pico_runtime/runtime.c.o
                0x10001c14                hard_assertion_failure
 .text.runtime_run_initializers
                0x10001c20       0x28 CMakeFiles/my_pico_program.dir/lib/pico-sdk/src/rp2_common/pico_runtime/runtime.c.o
                0x10001c20                runtime_run_initializers
 .text.runtime_init_early_resets
                0x10001c48       0x2c CMakeFiles/my_pico_program.dir/lib/pico-sdk/src/rp2_common/pico_runtime_init/runtime_init.c.o
                0x10001c48                runtime_init_early_resets
 .text.runtime_init_usb_power_down
                0x10001c74       0x1c CMakeFiles/my_pico_program.dir/lib/pico-sdk/src/rp2_common/pico_runtime_init/runtime_init.c.o
                0x10001c74                runtime_init_usb_power_down
 .text.runtime_init_post_clock_resets
                0x10001c90       0x20 CMakeFiles/my_pico_program.dir/lib/pico-sdk/src/rp2_common/pico_runtime_init/runtime_init.c.o
                0x10001c90                runtime_init_post_clock_resets
 .text.runtime_init_rp2040_gpio_ie_disable
                0x10001cb0       0x14 CMakeFiles/my_pico_program.dir/lib/pico-sdk/src/rp2_common/pico_runtime_init/runtime_init.c.o
                0x10001cb0                runtime_init_rp2040_gpio_ie_disable
 .text.runtime_init_spin_locks_reset
                0x10001cc4        0x8 CMakeFiles/my_pico_program.dir/lib/pico-sdk/src/rp2_common/pico_runtime_init/runtime_init.c.o
                0x10001cc4                runtime_init_spin_locks_reset
 .text.runtime_init_install_ram_vector_table
                0x10001ccc       0x1c CMakeFiles/my_pico_program.dir/lib/pico-sdk/src/rp2_common/pico_runtime_init/runtime_init.c.o
                0x10001ccc                runtime_init_install_ram_vector_table
 .text.runtime_init_clocks
                0x10001ce8       0xd8 CMakeFiles/my_pico_program.dir/lib/pico-sdk/src/rp2_common/pico_runtime_init/runtime_init_clocks.c.o
                0x10001ce8                runtime_init_clocks
 .text          0x10001dc0       0x10 CMakeFiles/my_pico_program.dir/lib/pico-sdk/src/rp2_common/pico_bit_ops/bit_ops_aeabi.S.o
 .text.__wrap___aeabi_idiv
                0x10001dd0       0x50 CMakeFiles/my_pico_program.dir/lib/pico-sdk/src/rp2_common/pico_divider/divider_hardware.S.o
                0x10001dd0                __wrap___aeabi_idivmod
                0x10001dd0                divmod_s32s32
                0x10001dd0                div_s32s32
                0x10001dd0                __wrap___aeabi_idiv
                0x10001dd8                divmod_s32s32_unsafe
                0x10001e04                divmod_s32s32_savestate
 .text.__wrap___aeabi_uidiv
                0x10001e20       0x4c CMakeFiles/my_pico_program.dir/lib/pico-sdk/src/rp2_common/pico_divider/divider_hardware.S.o
                0x10001e20                __wrap___aeabi_uidiv
                0x10001e20                __wrap___aeabi_uidivmod
                0x10001e20                div_u32u32
                0x10001e20                divmod_u32u32
                0x10001e28                divmod_u32u32_unsafe
                0x10001e50                divmod_u32u32_savestate
 .text.missing_double_func_shim
                0x10001e6c        0xc CMakeFiles/my_pico_program.dir/lib/pico-sdk/src/rp2_common/pico_double/double_init_rom_rp2040.c.o
 .text.__aeabi_double_init
                0x10001e78       0xa0 CMakeFiles/my_pico_program.dir/lib/pico-sdk/src/rp2_common/pico_double/double_init_rom_rp2040.c.o
                0x10001e78                __aeabi_double_init
 .text.double_table_shim_on_use_helper
                0x10001f18       0x2c CMakeFiles/my_pico_program.dir/lib/pico-sdk/src/rp2_common/pico_double/double_v1_rom_shim_rp2040.S.o
                0x10001f18                double_table_shim_on_use_helper
 .text.__aeabi_lmul
                0x10001f44       0x32 CMakeFiles/my_pico_program.dir/lib/pico-sdk/src/rp2_common/pico_int64_ops/pico_int64_ops_aeabi.S.o
                0x10001f44                __wrap___aeabi_lmul
 *fill*         0x10001f76        0x2 
 .text.missing_float_func_shim
                0x10001f78        0xc CMakeFiles/my_pico_program.dir/lib/pico-sdk/src/rp2_common/pico_float/float_init_rom_rp2040.c.o
 .text.__aeabi_float_init
                0x10001f84       0x5c CMakeFiles/my_pico_program.dir/lib/pico-sdk/src/rp2_common/pico_float/float_init_rom_rp2040.c.o
                0x10001f84                __aeabi_float_init
 .text          0x10001fe0       0x10 CMakeFiles/my_pico_program.dir/lib/pico-sdk/src/rp2_common/pico_mem_ops/mem_ops_aeabi.S.o
                0x10001fe0                __aeabi_mem_init
 .text.memset   0x10001ff0        0xc CMakeFiles/my_pico_program.dir/lib/pico-sdk/src/rp2_common/pico_mem_ops/mem_ops_aeabi.S.o
                0x10001ff0                __wrap_memset
 .text.memcpy   0x10001ffc        0xc CMakeFiles/my_pico_program.dir/lib/pico-sdk/src/rp2_common/pico_mem_ops/mem_ops_aeabi.S.o
                0x10001ffc                __wrap___aeabi_memcpy
                0x10001ffc                __wrap_memcpy
 .text._out_char
                0x10002008       0x10 CMakeFiles/my_pico_program.dir/lib/pico-sdk/src/rp2_common/pico_printf/printf.c.o
 .text.weak_raw_vprintf
                0x10002018       0x30 CMakeFiles/my_pico_program.dir/lib/pico-sdk/src/rp2_common/pico_printf/printf.c.o
                0x10002018                weak_raw_vprintf
 .text._exit    0x10002048        0x4 CMakeFiles/my_pico_program.dir/lib/pico-sdk/src/rp2_common/pico_clib_interface/newlib_interface.c.o
                0x10002048                _exit
 .text._sbrk    0x1000204c       0x34 CMakeFiles/my_pico_program.dir/lib/pico-sdk/src/rp2_common/pico_clib_interface/newlib_interface.c.o
                0x1000204c                _sbrk
 .text._read    0x10002080       0x24 CMakeFiles/my_pico_program.dir/lib/pico-sdk/src/rp2_common/pico_clib_interface/newlib_interface.c.o
                0x10002080                _read
 .text._write   0x100020a4       0x24 CMakeFiles/my_pico_program.dir/lib/pico-sdk/src/rp2_common/pico_clib_interface/newlib_interface.c.o
                0x100020a4                _write
 .text._close   0x100020c8        0x8 CMakeFiles/my_pico_program.dir/lib/pico-sdk/src/rp2_common/pico_clib_interface/newlib_interface.c.o
                0x100020c8                _close
 .text._lseek   0x100020d0        0x8 CMakeFiles/my_pico_program.dir/lib/pico-sdk/src/rp2_common/pico_clib_interface/newlib_interface.c.o
                0x100020d0                _lseek
 .text._fstat   0x100020d8        0x8 CMakeFiles/my_pico_program.dir/lib/pico-sdk/src/rp2_common/pico_clib_interface/newlib_interface.c.o
                0x100020d8                _fstat
 .text._isatty  0x100020e0        0xc CMakeFiles/my_pico_program.dir/lib/pico-sdk/src/rp2_common/pico_clib_interface/newlib_interface.c.o
                0x100020e0                _isatty
 .text.exit     0x100020ec        0x8 CMakeFiles/my_pico_program.dir/lib/pico-sdk/src/rp2_common/pico_clib_interface/newlib_interface.c.o
                0x100020ec                exit
 .text.runtime_init
                0x100020f4       0x2c CMakeFiles/my_pico_program.dir/lib/pico-sdk/src/rp2_common/pico_clib_interface/newlib_interface.c.o
                0x100020f4                runtime_init
 .text.stdio_out_chars_no_crlf
                0x10002120       0x10 CMakeFiles/my_pico_program.dir/lib/pico-sdk/src/rp2_common/pico_stdio/stdio.c.o
 .text.stdio_out_chars_crlf
                0x10002130       0xb0 CMakeFiles/my_pico_program.dir/lib/pico-sdk/src/rp2_common/pico_stdio/stdio.c.o
 .text.stdio_put_string
                0x100021e0       0xfc CMakeFiles/my_pico_program.dir/lib/pico-sdk/src/rp2_common/pico_stdio/stdio.c.o
                0x100021e0                stdio_put_string
 .text.stdio_get_until
                0x100022dc       0x84 CMakeFiles/my_pico_program.dir/lib/pico-sdk/src/rp2_common/pico_stdio/stdio.c.o
                0x100022dc                stdio_get_until
 .text.stdio_set_driver_enabled
                0x10002360       0x30 CMakeFiles/my_pico_program.dir/lib/pico-sdk/src/rp2_common/pico_stdio/stdio.c.o
                0x10002360                stdio_set_driver_enabled
 .text.stdio_init_all
                0x10002390       0x10 CMakeFiles/my_pico_program.dir/lib/pico-sdk/src/rp2_common/pico_stdio/stdio.c.o
                0x10002390                stdio_init_all
 .text.__wrap_putchar
                0x100023a0       0x94 CMakeFiles/my_pico_program.dir/lib/pico-sdk/src/rp2_common/pico_stdio/stdio.c.o
                0x100023a0                stdio_putchar
                0x100023a0                __wrap_putchar
 .text.__wrap_puts
                0x10002434       0x3c CMakeFiles/my_pico_program.dir/lib/pico-sdk/src/rp2_common/pico_stdio/stdio.c.o
                0x10002434                __wrap_puts
                0x10002434                stdio_puts
 .text.stdio_uart_out_chars
                0x10002470       0x4c CMakeFiles/my_pico_program.dir/lib/pico-sdk/src/rp2_common/pico_stdio_uart/stdio_uart.c.o
 .text.stdio_uart_in_chars
                0x100024bc       0x90 CMakeFiles/my_pico_program.dir/lib/pico-sdk/src/rp2_common/pico_stdio_uart/stdio_uart.c.o
                0x100024bc                stdio_uart_in_chars
 .text.on_uart_rx
                0x1000254c       0x28 CMakeFiles/my_pico_program.dir/lib/pico-sdk/src/rp2_common/pico_stdio_uart/stdio_uart.c.o
 .text.stdio_uart_out_flush
                0x10002574       0x14 CMakeFiles/my_pico_program.dir/lib/pico-sdk/src/rp2_common/pico_stdio_uart/stdio_uart.c.o
 .text.stdio_uart_set_chars_available_callback
                0x10002588       0x84 CMakeFiles/my_pico_program.dir/lib/pico-sdk/src/rp2_common/pico_stdio_uart/stdio_uart.c.o
 .text.stdio_uart_init
                0x1000260c       0x50 CMakeFiles/my_pico_program.dir/lib/pico-sdk/src/rp2_common/pico_stdio_uart/stdio_uart.c.o
                0x1000260c                stdio_uart_init
 .text.adc_init
                0x1000265c       0x38 CMakeFiles/my_pico_program.dir/lib/pico-sdk/src/rp2_common/hardware_adc/adc.c.o
                0x1000265c                adc_init
 .text.dma_claim_unused_channel
                0x10002694       0x24 CMakeFiles/my_pico_program.dir/lib/pico-sdk/src/rp2_common/hardware_dma/dma.c.o
                0x10002694                dma_claim_unused_channel
 .text.resetd_init
                0x100026b8        0x4 CMakeFiles/my_pico_program.dir/lib/pico-sdk/src/rp2_common/pico_stdio_usb/reset_interface.c.o
 .text.resetd_reset
                0x100026bc        0xc CMakeFiles/my_pico_program.dir/lib/pico-sdk/src/rp2_common/pico_stdio_usb/reset_interface.c.o
 .text.resetd_open
                0x100026c8       0x28 CMakeFiles/my_pico_program.dir/lib/pico-sdk/src/rp2_common/pico_stdio_usb/reset_interface.c.o
 .text.resetd_xfer_cb
                0x100026f0        0x4 CMakeFiles/my_pico_program.dir/lib/pico-sdk/src/rp2_common/pico_stdio_usb/reset_interface.c.o
 .text.resetd_control_xfer_cb
                0x100026f4       0x54 CMakeFiles/my_pico_program.dir/lib/pico-sdk/src/rp2_common/pico_stdio_usb/reset_interface.c.o
 .text.tud_descriptor_bos_cb
                0x10002748        0x8 CMakeFiles/my_pico_program.dir/lib/pico-sdk/src/rp2_common/pico_stdio_usb/reset_interface.c.o
                0x10002748                tud_descriptor_bos_cb
 .text.tud_vendor_control_xfer_cb
                0x10002750       0x34 CMakeFiles/my_pico_program.dir/lib/pico-sdk/src/rp2_common/pico_stdio_usb/reset_interface.c.o
                0x10002750                tud_vendor_control_xfer_cb
 .text.usbd_app_driver_get_cb
                0x10002784        0xc CMakeFiles/my_pico_program.dir/lib/pico-sdk/src/rp2_common/pico_stdio_usb/reset_interface.c.o
                0x10002784                usbd_app_driver_get_cb
 .text.tud_cdc_line_coding_cb
                0x10002790       0x2c CMakeFiles/my_pico_program.dir/lib/pico-sdk/src/rp2_common/pico_stdio_usb/reset_interface.c.o
                0x10002790                tud_cdc_line_coding_cb
 .text.stdio_usb_set_chars_available_callback
                0x100027bc       0x14 CMakeFiles/my_pico_program.dir/lib/pico-sdk/src/rp2_common/pico_stdio_usb/stdio_usb.c.o
                0x100027bc                stdio_usb_set_chars_available_callback
 .text.usb_irq  0x100027d0       0x10 CMakeFiles/my_pico_program.dir/lib/pico-sdk/src/rp2_common/pico_stdio_usb/stdio_usb.c.o
 .text.timer_task
                0x100027e0       0x64 CMakeFiles/my_pico_program.dir/lib/pico-sdk/src/rp2_common/pico_stdio_usb/stdio_usb.c.o
 .text.stdio_usb_in_chars
                0x10002844       0x8c CMakeFiles/my_pico_program.dir/lib/pico-sdk/src/rp2_common/pico_stdio_usb/stdio_usb.c.o
                0x10002844                stdio_usb_in_chars
 .text.stdio_usb_out_flush
                0x100028d0       0x4c CMakeFiles/my_pico_program.dir/lib/pico-sdk/src/rp2_common/pico_stdio_usb/stdio_usb.c.o
 .text.stdio_usb_out_chars
                0x1000291c      0x100 CMakeFiles/my_pico_program.dir/lib/pico-sdk/src/rp2_common/pico_stdio_usb/stdio_usb.c.o
 .text.low_priority_worker_irq
                0x10002a1c       0xc8 CMakeFiles/my_pico_program.dir/lib/pico-sdk/src/rp2_common/pico_stdio_usb/stdio_usb.c.o
 .text.stdio_usb_init
                0x10002ae4       0xe8 CMakeFiles/my_pico_program.dir/lib/pico-sdk/src/rp2_common/pico_stdio_usb/stdio_usb.c.o
                0x10002ae4                stdio_usb_init
 .text.tud_descriptor_device_cb
                0x10002bcc        0x8 CMakeFiles/my_pico_program.dir/lib/pico-sdk/src/rp2_common/pico_stdio_usb/stdio_usb_descriptors.c.o
                0x10002bcc                tud_descriptor_device_cb
 .text.tud_descriptor_configuration_cb
                0x10002bd4        0x8 CMakeFiles/my_pico_program.dir/lib/pico-sdk/src/rp2_common/pico_stdio_usb/stdio_usb_descriptors.c.o
                0x10002bd4                tud_descriptor_configuration_cb
 .text.tud_descriptor_string_cb
                0x10002bdc       0x78 CMakeFiles/my_pico_program.dir/lib/pico-sdk/src/rp2_common/pico_stdio_usb/stdio_usb_descriptors.c.o
                0x10002bdc                tud_descriptor_string_cb
 .text.startup._retrieve_unique_id_on_boot
                0x10002c54       0x10 CMakeFiles/my_pico_program.dir/lib/pico-sdk/src/rp2_common/pico_unique_id/unique_id.c.o
 .text.pico_get_unique_board_id_string
                0x10002c64      0x1a8 CMakeFiles/my_pico_program.dir/lib/pico-sdk/src/rp2_common/pico_unique_id/unique_id.c.o
                0x10002c64                pico_get_unique_board_id_string
 .text.flash_get_unique_id
                0x10002e0c       0x3c CMakeFiles/my_pico_program.dir/lib/pico-sdk/src/rp2_common/hardware_flash/flash.c.o
                0x10002e0c                flash_get_unique_id
 .text.dcd_init
                0x10002e48       0x90 CMakeFiles/my_pico_program.dir/lib/pico-sdk/lib/tinyusb/src/portable/raspberrypi/rp2040/dcd_rp2040.c.o
                0x10002e48                dcd_init
 .text.dcd_int_enable
                0x10002ed8        0xc CMakeFiles/my_pico_program.dir/lib/pico-sdk/lib/tinyusb/src/portable/raspberrypi/rp2040/dcd_rp2040.c.o
                0x10002ed8                dcd_int_enable
 .text.dcd_set_address
                0x10002ee4       0x14 CMakeFiles/my_pico_program.dir/lib/pico-sdk/lib/tinyusb/src/portable/raspberrypi/rp2040/dcd_rp2040.c.o
                0x10002ee4                dcd_set_address
 .text.dcd_sof_enable
                0x10002ef8       0x1c CMakeFiles/my_pico_program.dir/lib/pico-sdk/lib/tinyusb/src/portable/raspberrypi/rp2040/dcd_rp2040.c.o
                0x10002ef8                dcd_sof_enable
 .text.dcd_edpt0_status_complete
                0x10002f14       0x1c CMakeFiles/my_pico_program.dir/lib/pico-sdk/lib/tinyusb/src/portable/raspberrypi/rp2040/dcd_rp2040.c.o
                0x10002f14                dcd_edpt0_status_complete
 .text.dcd_edpt_open
                0x10002f30      0x114 CMakeFiles/my_pico_program.dir/lib/pico-sdk/lib/tinyusb/src/portable/raspberrypi/rp2040/dcd_rp2040.c.o
                0x10002f30                dcd_edpt_open
 .text.dcd_edpt_close_all
                0x10003044        0x8 CMakeFiles/my_pico_program.dir/lib/pico-sdk/lib/tinyusb/src/portable/raspberrypi/rp2040/dcd_rp2040.c.o
                0x10003044                dcd_edpt_close_all
 .text.dcd_edpt_xfer
                0x1000304c       0x24 CMakeFiles/my_pico_program.dir/lib/pico-sdk/lib/tinyusb/src/portable/raspberrypi/rp2040/dcd_rp2040.c.o
                0x1000304c                dcd_edpt_xfer
 .text.dcd_edpt_stall
                0x10003070       0x3c CMakeFiles/my_pico_program.dir/lib/pico-sdk/lib/tinyusb/src/portable/raspberrypi/rp2040/dcd_rp2040.c.o
                0x10003070                dcd_edpt_stall
 .text.dcd_edpt_clear_stall
                0x100030ac       0x30 CMakeFiles/my_pico_program.dir/lib/pico-sdk/lib/tinyusb/src/portable/raspberrypi/rp2040/dcd_rp2040.c.o
                0x100030ac                dcd_edpt_clear_stall
 .text.rp2040_usb_init
                0x100030dc       0x40 CMakeFiles/my_pico_program.dir/lib/pico-sdk/lib/tinyusb/src/portable/raspberrypi/rp2040/rp2040_usb.c.o
                0x100030dc                rp2040_usb_init
 .text.hw_endpoint_xfer_start
                0x1000311c       0x40 CMakeFiles/my_pico_program.dir/lib/pico-sdk/lib/tinyusb/src/portable/raspberrypi/rp2040/rp2040_usb.c.o
                0x1000311c                hw_endpoint_xfer_start
 .text.tud_event_hook_cb
                0x1000315c        0x4 CMakeFiles/my_pico_program.dir/lib/pico-sdk/lib/tinyusb/src/device/usbd.c.o
                0x1000315c                tud_event_hook_cb
 .text.tud_sof_cb
                0x10003160        0x4 CMakeFiles/my_pico_program.dir/lib/pico-sdk/lib/tinyusb/src/device/usbd.c.o
                0x10003160                tud_sof_cb
 .text.tud_descriptor_device_qualifier_cb
                0x10003164        0x4 CMakeFiles/my_pico_program.dir/lib/pico-sdk/lib/tinyusb/src/device/usbd.c.o
                0x10003164                tud_descriptor_device_qualifier_cb
 .text.tud_descriptor_other_speed_configuration_cb
                0x10003168        0x4 CMakeFiles/my_pico_program.dir/lib/pico-sdk/lib/tinyusb/src/device/usbd.c.o
                0x10003168                tud_descriptor_other_speed_configuration_cb
 .text.tud_mount_cb
                0x1000316c        0x4 CMakeFiles/my_pico_program.dir/lib/pico-sdk/lib/tinyusb/src/device/usbd.c.o
                0x1000316c                tud_mount_cb
 .text.tud_umount_cb
                0x10003170        0x4 CMakeFiles/my_pico_program.dir/lib/pico-sdk/lib/tinyusb/src/device/usbd.c.o
                0x10003170                tud_umount_cb
 .text.tud_suspend_cb
                0x10003174        0x4 CMakeFiles/my_pico_program.dir/lib/pico-sdk/lib/tinyusb/src/device/usbd.c.o
                0x10003174                tud_suspend_cb
 .text.tud_resume_cb
                0x10003178        0x4 CMakeFiles/my_pico_program.dir/lib/pico-sdk/lib/tinyusb/src/device/usbd.c.o
                0x10003178                tud_resume_cb
 .text.tud_mounted
                0x1000317c       0x10 CMakeFiles/my_pico_program.dir/lib/pico-sdk/lib/tinyusb/src/device/usbd.c.o
                0x1000317c                tud_mounted
 .text.tud_suspended
                0x1000318c       0x10 CMakeFiles/my_pico_program.dir/lib/pico-sdk/lib/tinyusb/src/device/usbd.c.o
                0x1000318c                tud_suspended
 .text.tud_rhport_init
                0x1000319c       0xf4 CMakeFiles/my_pico_program.dir/lib/pico-sdk/lib/tinyusb/src/device/usbd.c.o
                0x1000319c                tud_rhport_init
 .text.tud_task_ext
                0x10003290      0x800 CMakeFiles/my_pico_program.dir/lib/pico-sdk/lib/tinyusb/src/device/usbd.c.o
                0x10003290                tud_task_ext
 .text.usbd_open_edpt_pair
                0x10003a90       0x9c CMakeFiles/my_pico_program.dir/lib/pico-sdk/lib/tinyusb/src/device/usbd.c.o
                0x10003a90                usbd_open_edpt_pair
 .text.usbd_edpt_open
                0x10003b2c       0x34 CMakeFiles/my_pico_program.dir/lib/pico-sdk/lib/tinyusb/src/device/usbd.c.o
                0x10003b2c                usbd_edpt_open
 .text.usbd_edpt_claim
                0x10003b60       0x28 CMakeFiles/my_pico_program.dir/lib/pico-sdk/lib/tinyusb/src/device/usbd.c.o
                0x10003b60                usbd_edpt_claim
 .text.usbd_edpt_release
                0x10003b88       0x28 CMakeFiles/my_pico_program.dir/lib/pico-sdk/lib/tinyusb/src/device/usbd.c.o
                0x10003b88                usbd_edpt_release
 .text.usbd_edpt_xfer
                0x10003bb0       0x4c CMakeFiles/my_pico_program.dir/lib/pico-sdk/lib/tinyusb/src/device/usbd.c.o
                0x10003bb0                usbd_edpt_xfer
 .text.tud_control_status
                0x10003bfc       0x2c CMakeFiles/my_pico_program.dir/lib/pico-sdk/lib/tinyusb/src/device/usbd_control.c.o
                0x10003bfc                tud_control_status
 .text.tud_control_xfer
                0x10003c28       0xa8 CMakeFiles/my_pico_program.dir/lib/pico-sdk/lib/tinyusb/src/device/usbd_control.c.o
                0x10003c28                tud_control_xfer
 .text.usbd_control_reset
                0x10003cd0       0x14 CMakeFiles/my_pico_program.dir/lib/pico-sdk/lib/tinyusb/src/device/usbd_control.c.o
                0x10003cd0                usbd_control_reset
 .text.usbd_control_set_complete_callback
                0x10003ce4        0xc CMakeFiles/my_pico_program.dir/lib/pico-sdk/lib/tinyusb/src/device/usbd_control.c.o
                0x10003ce4                usbd_control_set_complete_callback
 .text.usbd_control_set_request
                0x10003cf0       0x1c CMakeFiles/my_pico_program.dir/lib/pico-sdk/lib/tinyusb/src/device/usbd_control.c.o
                0x10003cf0                usbd_control_set_request
 .text.usbd_control_xfer_cb
                0x10003d0c       0xec CMakeFiles/my_pico_program.dir/lib/pico-sdk/lib/tinyusb/src/device/usbd_control.c.o
                0x10003d0c                usbd_control_xfer_cb
 .text._prep_out_transaction.isra.0
                0x10003df8       0x6c CMakeFiles/my_pico_program.dir/lib/pico-sdk/lib/tinyusb/src/class/cdc/cdc_device.c.o
 .text.tud_cdc_n_connected
                0x10003e64       0x2c CMakeFiles/my_pico_program.dir/lib/pico-sdk/lib/tinyusb/src/class/cdc/cdc_device.c.o
                0x10003e64                tud_cdc_n_connected
 .text.tud_cdc_n_available
                0x10003e90       0x14 CMakeFiles/my_pico_program.dir/lib/pico-sdk/lib/tinyusb/src/class/cdc/cdc_device.c.o
                0x10003e90                tud_cdc_n_available
 .text.tud_cdc_n_read
                0x10003ea4       0x88 CMakeFiles/my_pico_program.dir/lib/pico-sdk/lib/tinyusb/src/class/cdc/cdc_device.c.o
                0x10003ea4                tud_cdc_n_read
 .text.tud_cdc_n_write_flush
                0x10003f2c       0x74 CMakeFiles/my_pico_program.dir/lib/pico-sdk/lib/tinyusb/src/class/cdc/cdc_device.c.o
                0x10003f2c                tud_cdc_n_write_flush
 .text.tud_cdc_n_write
                0x10003fa0       0x40 CMakeFiles/my_pico_program.dir/lib/pico-sdk/lib/tinyusb/src/class/cdc/cdc_device.c.o
                0x10003fa0                tud_cdc_n_write
 .text.tud_cdc_n_write_available
                0x10003fe0       0x14 CMakeFiles/my_pico_program.dir/lib/pico-sdk/lib/tinyusb/src/class/cdc/cdc_device.c.o
                0x10003fe0                tud_cdc_n_write_available
 .text.cdcd_init
                0x10003ff4       0x70 CMakeFiles/my_pico_program.dir/lib/pico-sdk/lib/tinyusb/src/class/cdc/cdc_device.c.o
                0x10003ff4                cdcd_init
 .text.cdcd_deinit
                0x10004064       0x30 CMakeFiles/my_pico_program.dir/lib/pico-sdk/lib/tinyusb/src/class/cdc/cdc_device.c.o
                0x10004064                cdcd_deinit
 .text.cdcd_reset
                0x10004094       0x4c CMakeFiles/my_pico_program.dir/lib/pico-sdk/lib/tinyusb/src/class/cdc/cdc_device.c.o
                0x10004094                cdcd_reset
 .text.cdcd_open
                0x100040e0       0xa4 CMakeFiles/my_pico_program.dir/lib/pico-sdk/lib/tinyusb/src/class/cdc/cdc_device.c.o
                0x100040e0                cdcd_open
 .text.cdcd_control_xfer_cb
                0x10004184       0xe8 CMakeFiles/my_pico_program.dir/lib/pico-sdk/lib/tinyusb/src/class/cdc/cdc_device.c.o
                0x10004184                cdcd_control_xfer_cb
 .text.cdcd_xfer_cb
                0x1000426c      0x100 CMakeFiles/my_pico_program.dir/lib/pico-sdk/lib/tinyusb/src/class/cdc/cdc_device.c.o
                0x1000426c                cdcd_xfer_cb
 .text.vendord_init
                0x1000436c       0x5c CMakeFiles/my_pico_program.dir/lib/pico-sdk/lib/tinyusb/src/class/vendor/vendor_device.c.o
                0x1000436c                vendord_init
 .text.vendord_deinit
                0x100043c8       0x1c CMakeFiles/my_pico_program.dir/lib/pico-sdk/lib/tinyusb/src/class/vendor/vendor_device.c.o
                0x100043c8                vendord_deinit
 .text.vendord_reset
                0x100043e4       0x28 CMakeFiles/my_pico_program.dir/lib/pico-sdk/lib/tinyusb/src/class/vendor/vendor_device.c.o
                0x100043e4                vendord_reset
 .text.vendord_open
                0x1000440c      0x120 CMakeFiles/my_pico_program.dir/lib/pico-sdk/lib/tinyusb/src/class/vendor/vendor_device.c.o
                0x1000440c                vendord_open
 .text.vendord_xfer_cb
                0x1000452c       0x9c CMakeFiles/my_pico_program.dir/lib/pico-sdk/lib/tinyusb/src/class/vendor/vendor_device.c.o
                0x1000452c                vendord_xfer_cb
 .text.tusb_rhport_init
                0x100045c8       0x4c CMakeFiles/my_pico_program.dir/lib/pico-sdk/lib/tinyusb/src/tusb.c.o
                0x100045c8                tusb_rhport_init
 .text.tu_edpt_claim
                0x10004614       0x50 CMakeFiles/my_pico_program.dir/lib/pico-sdk/lib/tinyusb/src/tusb.c.o
                0x10004614                tu_edpt_claim
 .text.tu_edpt_release
                0x10004664       0x38 CMakeFiles/my_pico_program.dir/lib/pico-sdk/lib/tinyusb/src/tusb.c.o
                0x10004664                tu_edpt_release
 .text.tu_edpt_validate
                0x1000469c       0x7c CMakeFiles/my_pico_program.dir/lib/pico-sdk/lib/tinyusb/src/tusb.c.o
                0x1000469c                tu_edpt_validate
 .text.tu_edpt_bind_driver
                0x10004718       0x34 CMakeFiles/my_pico_program.dir/lib/pico-sdk/lib/tinyusb/src/tusb.c.o
                0x10004718                tu_edpt_bind_driver
 .text.tu_edpt_stream_init
                0x1000474c       0x6c CMakeFiles/my_pico_program.dir/lib/pico-sdk/lib/tinyusb/src/tusb.c.o
                0x1000474c                tu_edpt_stream_init
 .text.tu_edpt_stream_deinit
                0x100047b8        0x4 CMakeFiles/my_pico_program.dir/lib/pico-sdk/lib/tinyusb/src/tusb.c.o
                0x100047b8                tu_edpt_stream_deinit
 .text.tu_edpt_stream_write_zlp_if_needed
                0x100047bc       0x68 CMakeFiles/my_pico_program.dir/lib/pico-sdk/lib/tinyusb/src/tusb.c.o
                0x100047bc                tu_edpt_stream_write_zlp_if_needed
 .text.tu_edpt_stream_write_xfer
                0x10004824       0x68 CMakeFiles/my_pico_program.dir/lib/pico-sdk/lib/tinyusb/src/tusb.c.o
                0x10004824                tu_edpt_stream_write_xfer
 .text.tu_edpt_stream_read_xfer
                0x1000488c       0xd8 CMakeFiles/my_pico_program.dir/lib/pico-sdk/lib/tinyusb/src/tusb.c.o
                0x1000488c                tu_edpt_stream_read_xfer
 .text.tu_fifo_config
                0x10004964       0x6c CMakeFiles/my_pico_program.dir/lib/pico-sdk/lib/tinyusb/src/common/tusb_fifo.c.o
                0x10004964                tu_fifo_config
 .text.tu_fifo_count
                0x100049d0       0x2c CMakeFiles/my_pico_program.dir/lib/pico-sdk/lib/tinyusb/src/common/tusb_fifo.c.o
                0x100049d0                tu_fifo_count
 .text.tu_fifo_empty
                0x100049fc       0x10 CMakeFiles/my_pico_program.dir/lib/pico-sdk/lib/tinyusb/src/common/tusb_fifo.c.o
                0x100049fc                tu_fifo_empty
 .text.tu_fifo_remaining
                0x10004a0c       0x2c CMakeFiles/my_pico_program.dir/lib/pico-sdk/lib/tinyusb/src/common/tusb_fifo.c.o
                0x10004a0c                tu_fifo_remaining
 .text.tu_fifo_read
                0x10004a38       0x9c CMakeFiles/my_pico_program.dir/lib/pico-sdk/lib/tinyusb/src/common/tusb_fifo.c.o
                0x10004a38                tu_fifo_read
 .text.tu_fifo_read_n
                0x10004ad4       0xe8 CMakeFiles/my_pico_program.dir/lib/pico-sdk/lib/tinyusb/src/common/tusb_fifo.c.o
                0x10004ad4                tu_fifo_read_n
 .text.tu_fifo_write
                0x10004bbc       0xa4 CMakeFiles/my_pico_program.dir/lib/pico-sdk/lib/tinyusb/src/common/tusb_fifo.c.o
                0x10004bbc                tu_fifo_write
 .text.tu_fifo_write_n
                0x10004c60      0x178 CMakeFiles/my_pico_program.dir/lib/pico-sdk/lib/tinyusb/src/common/tusb_fifo.c.o
                0x10004c60                tu_fifo_write_n
 .text.tu_fifo_clear
                0x10004dd8       0x40 CMakeFiles/my_pico_program.dir/lib/pico-sdk/lib/tinyusb/src/common/tusb_fifo.c.o
                0x10004dd8                tu_fifo_clear
 .text.tu_fifo_set_overwritable
                0x10004e18       0x48 CMakeFiles/my_pico_program.dir/lib/pico-sdk/lib/tinyusb/src/common/tusb_fifo.c.o
                0x10004e18                tu_fifo_set_overwritable
 .text._malloc_r
                0x10004e60      0x5cc /Applications/ArmGNUToolchain/14.2.rel1/arm-none-eabi/bin/../lib/gcc/arm-none-eabi/14.2.1/../../../../arm-none-eabi/lib/thumb/v6-m/nofp/libg.a(libc_a-mallocr.o)
                0x10004e60                _malloc_r
 .text.__malloc_lock
                0x1000542c       0x10 /Applications/ArmGNUToolchain/14.2.rel1/arm-none-eabi/bin/../lib/gcc/arm-none-eabi/14.2.1/../../../../arm-none-eabi/lib/thumb/v6-m/nofp/libg.a(libc_a-mlock.o)
                0x1000542c                __malloc_lock
 .text.__malloc_unlock
                0x1000543c       0x10 /Applications/ArmGNUToolchain/14.2.rel1/arm-none-eabi/bin/../lib/gcc/arm-none-eabi/14.2.1/../../../../arm-none-eabi/lib/thumb/v6-m/nofp/libg.a(libc_a-mlock.o)
                0x1000543c                __malloc_unlock
 .text._fwrite_r
                0x1000544c       0xfc /Applications/ArmGNUToolchain/14.2.rel1/arm-none-eabi/bin/../lib/gcc/arm-none-eabi/14.2.1/../../../../arm-none-eabi/lib/thumb/v6-m/nofp/libg.a(libc_a-fwrite.o)
                0x1000544c                _fwrite_r
 .text.fwrite   0x10005548       0x20 /Applications/ArmGNUToolchain/14.2.rel1/arm-none-eabi/bin/../lib/gcc/arm-none-eabi/14.2.1/../../../../arm-none-eabi/lib/thumb/v6-m/nofp/libg.a(libc_a-fwrite.o)
                0x10005548                fwrite
 .text._realloc_r
                0x10005568      0x350 /Applications/ArmGNUToolchain/14.2.rel1/arm-none-eabi/bin/../lib/gcc/arm-none-eabi/14.2.1/../../../../arm-none-eabi/lib/thumb/v6-m/nofp/libg.a(libc_a-reallocr.o)
                0x10005568                _realloc_r
 .text.__sflush_r
                0x100058b8      0x13c /Applications/ArmGNUToolchain/14.2.rel1/arm-none-eabi/bin/../lib/gcc/arm-none-eabi/14.2.1/../../../../arm-none-eabi/lib/thumb/v6-m/nofp/libg.a(libc_a-fflush.o)
                0x100058b8                __sflush_r
 .text._fflush_r
                0x100059f4       0x68 /Applications/ArmGNUToolchain/14.2.rel1/arm-none-eabi/bin/../lib/gcc/arm-none-eabi/14.2.1/../../../../arm-none-eabi/lib/thumb/v6-m/nofp/libg.a(libc_a-fflush.o)
                0x100059f4                _fflush_r
 .text.fflush   0x10005a5c       0x7c /Applications/ArmGNUToolchain/14.2.rel1/arm-none-eabi/bin/../lib/gcc/arm-none-eabi/14.2.1/../../../../arm-none-eabi/lib/thumb/v6-m/nofp/libg.a(libc_a-fflush.o)
                0x10005a5c                fflush
 .text.stdio_exit_handler
                0x10005ad8       0x1c /Applications/ArmGNUToolchain/14.2.rel1/arm-none-eabi/bin/../lib/gcc/arm-none-eabi/14.2.1/../../../../arm-none-eabi/lib/thumb/v6-m/nofp/libg.a(libc_a-findfp.o)
 .text.cleanup_stdio
                0x10005af4       0x3c /Applications/ArmGNUToolchain/14.2.rel1/arm-none-eabi/bin/../lib/gcc/arm-none-eabi/14.2.1/../../../../arm-none-eabi/lib/thumb/v6-m/nofp/libg.a(libc_a-findfp.o)
 .text.global_stdio_init.part.0
                0x10005b30      0x118 /Applications/ArmGNUToolchain/14.2.rel1/arm-none-eabi/bin/../lib/gcc/arm-none-eabi/14.2.1/../../../../arm-none-eabi/lib/thumb/v6-m/nofp/libg.a(libc_a-findfp.o)
 .text.__sinit  0x10005c48       0x38 /Applications/ArmGNUToolchain/14.2.rel1/arm-none-eabi/bin/../lib/gcc/arm-none-eabi/14.2.1/../../../../arm-none-eabi/lib/thumb/v6-m/nofp/libg.a(libc_a-findfp.o)
                0x10005c48                __sinit
 .text.__sfp_lock_acquire
                0x10005c80       0x10 /Applications/ArmGNUToolchain/14.2.rel1/arm-none-eabi/bin/../lib/gcc/arm-none-eabi/14.2.1/../../../../arm-none-eabi/lib/thumb/v6-m/nofp/libg.a(libc_a-findfp.o)
                0x10005c80                __sfp_lock_acquire
 .text.__sfp_lock_release
                0x10005c90       0x10 /Applications/ArmGNUToolchain/14.2.rel1/arm-none-eabi/bin/../lib/gcc/arm-none-eabi/14.2.1/../../../../arm-none-eabi/lib/thumb/v6-m/nofp/libg.a(libc_a-findfp.o)
                0x10005c90                __sfp_lock_release
 .text.memmove  0x10005ca0       0xc4 /Applications/ArmGNUToolchain/14.2.rel1/arm-none-eabi/bin/../lib/gcc/arm-none-eabi/14.2.1/../../../../arm-none-eabi/lib/thumb/v6-m/nofp/libg.a(libc_a-memmove.o)
                0x10005ca0                memmove
 .text._sbrk_r  0x10005d64       0x24 /Applications/ArmGNUToolchain/14.2.rel1/arm-none-eabi/bin/../lib/gcc/arm-none-eabi/14.2.1/../../../../arm-none-eabi/lib/thumb/v6-m/nofp/libg.a(libc_a-sbrkr.o)
                0x10005d64                _sbrk_r
 .text.__errno  0x10005d88        0xc /Applications/ArmGNUToolchain/14.2.rel1/arm-none-eabi/bin/../lib/gcc/arm-none-eabi/14.2.1/../../../../arm-none-eabi/lib/thumb/v6-m/nofp/libg.a(libc_a-errno.o)
                0x10005d88                __errno
 .text.sysconf  0x10005d94       0x1c /Applications/ArmGNUToolchain/14.2.rel1/arm-none-eabi/bin/../lib/gcc/arm-none-eabi/14.2.1/../../../../arm-none-eabi/lib/thumb/v6-m/nofp/libg.a(libc_a-sysconf.o)
                0x10005d94                sysconf
 .text.__retarget_lock_init_recursive
                0x10005db0        0x4 /Applications/ArmGNUToolchain/14.2.rel1/arm-none-eabi/bin/../lib/gcc/arm-none-eabi/14.2.1/../../../../arm-none-eabi/lib/thumb/v6-m/nofp/libg.a(libc_a-lock.o)
                0x10005db0                __retarget_lock_init_recursive
 .text.__retarget_lock_close_recursive
                0x10005db4        0x4 /Applications/ArmGNUToolchain/14.2.rel1/arm-none-eabi/bin/../lib/gcc/arm-none-eabi/14.2.1/../../../../arm-none-eabi/lib/thumb/v6-m/nofp/libg.a(libc_a-lock.o)
                0x10005db4                __retarget_lock_close_recursive
 .text.__retarget_lock_acquire_recursive
                0x10005db8        0x4 /Applications/ArmGNUToolchain/14.2.rel1/arm-none-eabi/bin/../lib/gcc/arm-none-eabi/14.2.1/../../../../arm-none-eabi/lib/thumb/v6-m/nofp/libg.a(libc_a-lock.o)
                0x10005db8                __retarget_lock_acquire_recursive
 .text.__retarget_lock_release_recursive
                0x10005dbc        0x4 /Applications/ArmGNUToolchain/14.2.rel1/arm-none-eabi/bin/../lib/gcc/arm-none-eabi/14.2.1/../../../../arm-none-eabi/lib/thumb/v6-m/nofp/libg.a(libc_a-lock.o)
                0x10005dbc                __retarget_lock_release_recursive
 .text.strlen   0x10005dc0       0x5c /Applications/ArmGNUToolchain/14.2.rel1/arm-none-eabi/bin/../lib/gcc/arm-none-eabi/14.2.1/../../../../arm-none-eabi/lib/thumb/v6-m/nofp/libg.a(libc_a-strlen-stub.o)
                0x10005dc0                strlen
 .text._malloc_trim_r
                0x10005e1c       0xb4 /Applications/ArmGNUToolchain/14.2.rel1/arm-none-eabi/bin/../lib/gcc/arm-none-eabi/14.2.1/../../../../arm-none-eabi/lib/thumb/v6-m/nofp/libg.a(libc_a-freer.o)
                0x10005e1c                _malloc_trim_r
 .text._free_r  0x10005ed0      0x1f0 /Applications/ArmGNUToolchain/14.2.rel1/arm-none-eabi/bin/../lib/gcc/arm-none-eabi/14.2.1/../../../../arm-none-eabi/lib/thumb/v6-m/nofp/libg.a(libc_a-freer.o)
                0x10005ed0                _free_r
 .text.__sfvwrite_r
                0x100060c0      0x2e8 /Applications/ArmGNUToolchain/14.2.rel1/arm-none-eabi/bin/../lib/gcc/arm-none-eabi/14.2.1/../../../../arm-none-eabi/lib/thumb/v6-m/nofp/libg.a(libc_a-fvwrite.o)
                0x100060c0                __sfvwrite_r
 .text._fwalk_sglue
                0x100063a8       0x44 /Applications/ArmGNUToolchain/14.2.rel1/arm-none-eabi/bin/../lib/gcc/arm-none-eabi/14.2.1/../../../../arm-none-eabi/lib/thumb/v6-m/nofp/libg.a(libc_a-fwalk.o)
                0x100063a8                _fwalk_sglue
 .text._fclose_r
                0x100063ec       0xcc /Applications/ArmGNUToolchain/14.2.rel1/arm-none-eabi/bin/../lib/gcc/arm-none-eabi/14.2.1/../../../../arm-none-eabi/lib/thumb/v6-m/nofp/libg.a(libc_a-fclose.o)
                0x100063ec                _fclose_r
 .text.__sread  0x100064b8       0x28 /Applications/ArmGNUToolchain/14.2.rel1/arm-none-eabi/bin/../lib/gcc/arm-none-eabi/14.2.1/../../../../arm-none-eabi/lib/thumb/v6-m/nofp/libg.a(libc_a-stdio.o)
                0x100064b8                __sread
 .text.__swrite
                0x100064e0       0x40 /Applications/ArmGNUToolchain/14.2.rel1/arm-none-eabi/bin/../lib/gcc/arm-none-eabi/14.2.1/../../../../arm-none-eabi/lib/thumb/v6-m/nofp/libg.a(libc_a-stdio.o)
                0x100064e0                __swrite
 .text.__sseek  0x10006520       0x2c /Applications/ArmGNUToolchain/14.2.rel1/arm-none-eabi/bin/../lib/gcc/arm-none-eabi/14.2.1/../../../../arm-none-eabi/lib/thumb/v6-m/nofp/libg.a(libc_a-stdio.o)
                0x10006520                __sseek
 .text.__sclose
                0x1000654c        0xc /Applications/ArmGNUToolchain/14.2.rel1/arm-none-eabi/bin/../lib/gcc/arm-none-eabi/14.2.1/../../../../arm-none-eabi/lib/thumb/v6-m/nofp/libg.a(libc_a-stdio.o)
                0x1000654c                __sclose
 .text.__swsetup_r
                0x10006558       0xf8 /Applications/ArmGNUToolchain/14.2.rel1/arm-none-eabi/bin/../lib/gcc/arm-none-eabi/14.2.1/../../../../arm-none-eabi/lib/thumb/v6-m/nofp/libg.a(libc_a-wsetup.o)
                0x10006558                __swsetup_r
 .text._close_r
                0x10006650       0x24 /Applications/ArmGNUToolchain/14.2.rel1/arm-none-eabi/bin/../lib/gcc/arm-none-eabi/14.2.1/../../../../arm-none-eabi/lib/thumb/v6-m/nofp/libg.a(libc_a-closer.o)
                0x10006650                _close_r
 .text._lseek_r
                0x10006674       0x28 /Applications/ArmGNUToolchain/14.2.rel1/arm-none-eabi/bin/../lib/gcc/arm-none-eabi/14.2.1/../../../../arm-none-eabi/lib/thumb/v6-m/nofp/libg.a(libc_a-lseekr.o)
                0x10006674                _lseek_r
 .text._read_r  0x1000669c       0x28 /Applications/ArmGNUToolchain/14.2.rel1/arm-none-eabi/bin/../lib/gcc/arm-none-eabi/14.2.1/../../../../arm-none-eabi/lib/thumb/v6-m/nofp/libg.a(libc_a-readr.o)
                0x1000669c                _read_r
 .text._write_r
                0x100066c4       0x28 /Applications/ArmGNUToolchain/14.2.rel1/arm-none-eabi/bin/../lib/gcc/arm-none-eabi/14.2.1/../../../../arm-none-eabi/lib/thumb/v6-m/nofp/libg.a(libc_a-writer.o)
                0x100066c4                _write_r
 .text.memchr   0x100066ec       0x7c /Applications/ArmGNUToolchain/14.2.rel1/arm-none-eabi/bin/../lib/gcc/arm-none-eabi/14.2.1/../../../../arm-none-eabi/lib/thumb/v6-m/nofp/libg.a(libc_a-memchr-stub.o)
                0x100066ec                memchr
 .text.__smakebuf_r
                0x10006768       0xd4 /Applications/ArmGNUToolchain/14.2.rel1/arm-none-eabi/bin/../lib/gcc/arm-none-eabi/14.2.1/../../../../arm-none-eabi/lib/thumb/v6-m/nofp/libg.a(libc_a-makebuf.o)
                0x10006768                __smakebuf_r
 .text._fstat_r
                0x1000683c       0x28 /Applications/ArmGNUToolchain/14.2.rel1/arm-none-eabi/bin/../lib/gcc/arm-none-eabi/14.2.1/../../../../arm-none-eabi/lib/thumb/v6-m/nofp/libg.a(libc_a-fstatr.o)
                0x1000683c                _fstat_r
 .text._isatty_r
                0x10006864       0x24 /Applications/ArmGNUToolchain/14.2.rel1/arm-none-eabi/bin/../lib/gcc/arm-none-eabi/14.2.1/../../../../arm-none-eabi/lib/thumb/v6-m/nofp/libg.a(libc_a-isattyr.o)
                0x10006864                _isatty_r
 *(.fini)
 .fini          0x10006888        0x4 /Applications/ArmGNUToolchain/14.2.rel1/arm-none-eabi/bin/../lib/gcc/arm-none-eabi/14.2.1/thumb/v6-m/nofp/crti.o
                0x10006888                _fini
 *fill*         0x1000688c        0x4 
 .fini.__stub   0x10006890       0xb0 linker stubs
 *crtbegin.o(.ctors)
 *crtbegin?.o(.ctors)
 *(EXCLUDE_FILE(*crtend.o *crtend?.o) .ctors)
 *(SORT_BY_NAME(.ctors.*))
 *(.ctors)
 *crtbegin.o(.dtors)
 *crtbegin?.o(.dtors)
 *(EXCLUDE_FILE(*crtend.o *crtend?.o) .dtors)
 *(SORT_BY_NAME(.dtors.*))
 *(.dtors)
                0x10006940                        . = ALIGN (0x4)
                0x10006940                        PROVIDE (__preinit_array_start = .)
 *(SORT_BY_NAME(.preinit_array.*))
 .preinit_array.00100
                0x10006940        0x4 CMakeFiles/my_pico_program.dir/lib/pico-sdk/src/rp2_common/pico_runtime_init/runtime_init.c.o
                0x10006940                __pre_init_runtime_init_early_resets
 .preinit_array.00101
                0x10006944        0x4 CMakeFiles/my_pico_program.dir/lib/pico-sdk/src/rp2_common/pico_runtime_init/runtime_init.c.o
                0x10006944                __pre_init_runtime_init_usb_power_down
 .preinit_array.00275
                0x10006948        0x4 CMakeFiles/my_pico_program.dir/lib/pico-sdk/src/rp2_common/pico_bit_ops/bit_ops_aeabi.S.o
 .preinit_array.00300
                0x1000694c        0x4 CMakeFiles/my_pico_program.dir/lib/pico-sdk/src/rp2_common/pico_mem_ops/mem_ops_aeabi.S.o
 .preinit_array.00350
                0x10006950        0x4 CMakeFiles/my_pico_program.dir/lib/pico-sdk/src/rp2_common/pico_double/double_aeabi_rp2040.S.o
 .preinit_array.00350
                0x10006954        0x4 CMakeFiles/my_pico_program.dir/lib/pico-sdk/src/rp2_common/pico_float/float_aeabi_rp2040.S.o
 .preinit_array.00500
                0x10006958        0x4 CMakeFiles/my_pico_program.dir/lib/pico-sdk/src/rp2_common/pico_runtime_init/runtime_init.c.o
                0x10006958                __pre_init_runtime_init_clocks
 .preinit_array.00600
                0x1000695c        0x4 CMakeFiles/my_pico_program.dir/lib/pico-sdk/src/rp2_common/pico_runtime_init/runtime_init.c.o
                0x1000695c                __pre_init_runtime_init_post_clock_resets
 .preinit_array.00700
                0x10006960        0x4 CMakeFiles/my_pico_program.dir/lib/pico-sdk/src/rp2_common/pico_runtime_init/runtime_init.c.o
                0x10006960                __pre_init_runtime_init_rp2040_gpio_ie_disable
 .preinit_array.01000
                0x10006964        0x4 CMakeFiles/my_pico_program.dir/lib/pico-sdk/src/rp2_common/pico_runtime_init/runtime_init.c.o
                0x10006964                __pre_init_runtime_init_spin_locks_reset
 .preinit_array.01100
                0x10006968        0x4 CMakeFiles/my_pico_program.dir/lib/pico-sdk/src/common/pico_sync/mutex.c.o
                0x10006968                __pre_init_runtime_init_mutex
 .preinit_array.10080
                0x1000696c        0x4 CMakeFiles/my_pico_program.dir/lib/pico-sdk/src/rp2_common/pico_runtime_init/runtime_init.c.o
                0x1000696c                __pre_init_runtime_init_install_ram_vector_table
 .preinit_array.11000
                0x10006970        0x4 CMakeFiles/my_pico_program.dir/lib/pico-sdk/src/common/pico_time/time.c.o
                0x10006970                __pre_init_runtime_init_default_alarm_pool
 .preinit_array.YYYYY
                0x10006974        0x4 CMakeFiles/my_pico_program.dir/lib/pico-sdk/src/rp2_common/pico_runtime/runtime.c.o
                0x10006974                __pre_init_first_per_core_initializer
 .preinit_array.ZZZZZ.01200
                0x10006978        0x4 CMakeFiles/my_pico_program.dir/lib/pico-sdk/src/rp2_common/hardware_irq/irq.c.o
                0x10006978                __pre_init_runtime_init_per_core_irq_priorities
 *(.preinit_array)
                0x1000697c                        PROVIDE (__preinit_array_end = .)
                0x1000697c                        . = ALIGN (0x4)
                0x1000697c                        PROVIDE (__init_array_start = .)
 *(SORT_BY_NAME(.init_array.*))
 *(.init_array)
 .init_array    0x1000697c        0x4 /Applications/ArmGNUToolchain/14.2.rel1/arm-none-eabi/bin/../lib/gcc/arm-none-eabi/14.2.1/thumb/v6-m/nofp/crtbegin.o
 .init_array    0x10006980        0x4 CMakeFiles/my_pico_program.dir/lib/pico-sdk/src/rp2_common/pico_unique_id/unique_id.c.o
                0x10006984                        PROVIDE (__init_array_end = .)
                0x10006984                        . = ALIGN (0x4)
                [!provide]                        PROVIDE (__fini_array_start = .)
 *(SORT_BY_NAME(.fini_array.*))
 *(.fini_array)
                [!provide]                        PROVIDE (__fini_array_end = .)
 *(.eh_frame*)
 .eh_frame      0x10006984        0x0 /Applications/ArmGNUToolchain/14.2.rel1/arm-none-eabi/bin/../lib/gcc/arm-none-eabi/14.2.1/thumb/v6-m/nofp/crtbegin.o
                0x10006984                        . = ALIGN (0x4)

.glue_7         0x10006984        0x0
 .glue_7        0x10006984        0x0 linker stubs

.glue_7t        0x10006984        0x0
 .glue_7t       0x10006984        0x0 linker stubs

.vfp11_veneer   0x10006984        0x0
 .vfp11_veneer  0x10006984        0x0 linker stubs

.v4_bx          0x10006984        0x0
 .v4_bx         0x10006984        0x0 linker stubs

.iplt           0x10006984        0x0
 .iplt          0x10006984        0x0 /Applications/ArmGNUToolchain/14.2.rel1/arm-none-eabi/bin/../lib/gcc/arm-none-eabi/14.2.1/thumb/v6-m/nofp/crtbegin.o

.rodata         0x10006988      0x4ec
 *(EXCLUDE_FILE(*libm.a: *libc.a:*lib_a-mem*.o *libgcc.a:) .rodata*)
 .rodata.main.str1.4
                0x10006988      0x210 CMakeFiles/my_pico_program.dir/src/main.cpp.o
                                 0x4d (size before relaxing)
 .rodata.panic.str1.4
                0x10006b98       0x12 CMakeFiles/my_pico_program.dir/lib/pico-sdk/src/rp2_common/pico_platform_panic/panic.c.o
 .rodata.spin_lock_claim_unused.str1.4
                0x10006b98       0x1b CMakeFiles/my_pico_program.dir/lib/pico-sdk/src/rp2_common/hardware_sync/sync.c.o
 .rodata.user_irq_claim_unused.str1.4
                0x10006b98       0x1b CMakeFiles/my_pico_program.dir/lib/pico-sdk/src/rp2_common/hardware_irq/irq.c.o
 .rodata.at_the_end_of_time
                0x10006b98        0x8 CMakeFiles/my_pico_program.dir/lib/pico-sdk/src/common/pico_time/time.c.o
                0x10006b98                at_the_end_of_time
 .rodata.timer_hardware_alarm_claim.str1.4
                0x10006ba0       0x22 CMakeFiles/my_pico_program.dir/lib/pico-sdk/src/rp2_common/hardware_timer/timer.c.o
 .rodata.hard_assertion_failure.str1.4
                0x10006ba0        0xc CMakeFiles/my_pico_program.dir/lib/pico-sdk/src/rp2_common/pico_runtime/runtime.c.o
 .rodata.missing_double_func_shim.str1.4
                0x10006ba0       0x18 CMakeFiles/my_pico_program.dir/lib/pico-sdk/src/rp2_common/pico_double/double_init_rom_rp2040.c.o
 .rodata.missing_float_func_shim.str1.4
                0x10006ba0        0x1 CMakeFiles/my_pico_program.dir/lib/pico-sdk/src/rp2_common/pico_float/float_init_rom_rp2040.c.o
 .rodata.str1.4
                0x10006ba0       0x44 CMakeFiles/my_pico_program.dir/lib/pico-sdk/src/rp2_common/pico_standard_binary_info/standard_binary_info.c.o
 .rodata.__bi_84
                0x10006ba0        0xc CMakeFiles/my_pico_program.dir/lib/pico-sdk/src/rp2_common/pico_standard_binary_info/standard_binary_info.c.o
 .rodata.__bi_78
                0x10006bac        0xc CMakeFiles/my_pico_program.dir/lib/pico-sdk/src/rp2_common/pico_standard_binary_info/standard_binary_info.c.o
 .rodata.__bi_54
                0x10006bb8        0xc CMakeFiles/my_pico_program.dir/lib/pico-sdk/src/rp2_common/pico_standard_binary_info/standard_binary_info.c.o
 .rodata.__bi_48
                0x10006bc4        0xc CMakeFiles/my_pico_program.dir/lib/pico-sdk/src/rp2_common/pico_standard_binary_info/standard_binary_info.c.o
 .rodata.__bi_42
                0x10006bd0        0xc CMakeFiles/my_pico_program.dir/lib/pico-sdk/src/rp2_common/pico_standard_binary_info/standard_binary_info.c.o
 .rodata.__bi_34
                0x10006bdc        0xc CMakeFiles/my_pico_program.dir/lib/pico-sdk/src/rp2_common/pico_standard_binary_info/standard_binary_info.c.o
 .rodata.__bi_26
                0x10006be8        0xc CMakeFiles/my_pico_program.dir/lib/pico-sdk/src/rp2_common/pico_standard_binary_info/standard_binary_info.c.o
 .rodata.crlf_str.0
                0x10006bf4        0x2 CMakeFiles/my_pico_program.dir/lib/pico-sdk/src/rp2_common/pico_stdio/stdio.c.o
 .rodata.str1.4
                0x10006bf6       0x2c CMakeFiles/my_pico_program.dir/lib/pico-sdk/src/rp2_common/pico_stdio_uart/stdio_uart.c.o
 *fill*         0x10006bf6        0x2 
 .rodata.__bi_45.4
                0x10006bf8        0xc CMakeFiles/my_pico_program.dir/lib/pico-sdk/src/rp2_common/pico_stdio_uart/stdio_uart.c.o
 .rodata.__bi_49.5
                0x10006c04        0x8 CMakeFiles/my_pico_program.dir/lib/pico-sdk/src/rp2_common/pico_stdio_uart/stdio_uart.c.o
 .rodata.__bi_50.6
                0x10006c0c        0x8 CMakeFiles/my_pico_program.dir/lib/pico-sdk/src/rp2_common/pico_stdio_uart/stdio_uart.c.o
 .rodata.dma_claim_unused_channel.str1.4
                0x10006c14       0x1e CMakeFiles/my_pico_program.dir/lib/pico-sdk/src/rp2_common/hardware_dma/dma.c.o
 .rodata._resetd_driver
                0x10006c14       0x20 CMakeFiles/my_pico_program.dir/lib/pico-sdk/src/rp2_common/pico_stdio_usb/reset_interface.c.o
 .rodata.desc_ms_os_20
                0x10006c34       0xa6 CMakeFiles/my_pico_program.dir/lib/pico-sdk/src/rp2_common/pico_stdio_usb/reset_interface.c.o
 *fill*         0x10006cda        0x2 
 .rodata.desc_bos
                0x10006cdc       0x21 CMakeFiles/my_pico_program.dir/lib/pico-sdk/src/rp2_common/pico_stdio_usb/reset_interface.c.o
                0x10006cdc                desc_bos
 .rodata.str1.4
                0x10006cfd       0x13 CMakeFiles/my_pico_program.dir/lib/pico-sdk/src/rp2_common/pico_stdio_usb/stdio_usb.c.o
 *fill*         0x10006cfd        0x3 
 .rodata.__bi_197.0
                0x10006d00        0xc CMakeFiles/my_pico_program.dir/lib/pico-sdk/src/rp2_common/pico_stdio_usb/stdio_usb.c.o
 .rodata.str1.4
                0x10006d0c       0x2a CMakeFiles/my_pico_program.dir/lib/pico-sdk/src/rp2_common/pico_stdio_usb/stdio_usb_descriptors.c.o
 .rodata.usbd_desc_str
                0x10006d0c       0x18 CMakeFiles/my_pico_program.dir/lib/pico-sdk/src/rp2_common/pico_stdio_usb/stdio_usb_descriptors.c.o
 .rodata.usbd_desc_cfg
                0x10006d24       0x54 CMakeFiles/my_pico_program.dir/lib/pico-sdk/src/rp2_common/pico_stdio_usb/stdio_usb_descriptors.c.o
 .rodata.usbd_desc_device
                0x10006d78       0x12 CMakeFiles/my_pico_program.dir/lib/pico-sdk/src/rp2_common/pico_stdio_usb/stdio_usb_descriptors.c.o
 .rodata.str1.4
                0x10006d8a       0x14 CMakeFiles/my_pico_program.dir/lib/pico-sdk/lib/tinyusb/src/portable/raspberrypi/rp2040/dcd_rp2040.c.o
 .rodata.str1.4
                0x10006d8a       0x48 CMakeFiles/my_pico_program.dir/lib/pico-sdk/lib/tinyusb/src/portable/raspberrypi/rp2040/rp2040_usb.c.o
 *fill*         0x10006d8a        0x2 
 .rodata.tud_task_ext
                0x10006d8c       0x8c CMakeFiles/my_pico_program.dir/lib/pico-sdk/lib/tinyusb/src/device/usbd.c.o
 .rodata        0x10006e18       0x1c CMakeFiles/my_pico_program.dir/lib/pico-sdk/lib/tinyusb/src/device/usbd.c.o
 .rodata._usbd_driver
                0x10006e34       0x40 CMakeFiles/my_pico_program.dir/lib/pico-sdk/lib/tinyusb/src/device/usbd.c.o
                0x10006e74                        . = ALIGN (0x4)
 *(SORT_BY_ALIGNMENT(SORT_BY_NAME(.flashdata*)))
                0x10006e74                        . = ALIGN (0x4)

.ARM.extab
 *(.ARM.extab* .gnu.linkonce.armextab.*)
                0x10006e74                        __exidx_start = .

.ARM.exidx
 *(.ARM.exidx* .gnu.linkonce.armexidx.*)
                0x10006e74                        __exidx_end = .
                0x10006e74                        . = ALIGN (0x4)
                0x10006e74                        __binary_info_start = .

.binary_info    0x10006e74       0x2c
 *(.binary_info.keep.*)
 .binary_info.keep.__bi_ptr84
                0x10006e74        0x4 CMakeFiles/my_pico_program.dir/lib/pico-sdk/src/rp2_common/pico_standard_binary_info/standard_binary_info.c.o
 .binary_info.keep.__bi_ptr78
                0x10006e78        0x4 CMakeFiles/my_pico_program.dir/lib/pico-sdk/src/rp2_common/pico_standard_binary_info/standard_binary_info.c.o
 .binary_info.keep.__bi_ptr54
                0x10006e7c        0x4 CMakeFiles/my_pico_program.dir/lib/pico-sdk/src/rp2_common/pico_standard_binary_info/standard_binary_info.c.o
 .binary_info.keep.__bi_ptr48
                0x10006e80        0x4 CMakeFiles/my_pico_program.dir/lib/pico-sdk/src/rp2_common/pico_standard_binary_info/standard_binary_info.c.o
 .binary_info.keep.__bi_ptr42
                0x10006e84        0x4 CMakeFiles/my_pico_program.dir/lib/pico-sdk/src/rp2_common/pico_standard_binary_info/standard_binary_info.c.o
 .binary_info.keep.__bi_ptr34
                0x10006e88        0x4 CMakeFiles/my_pico_program.dir/lib/pico-sdk/src/rp2_common/pico_standard_binary_info/standard_binary_info.c.o
 .binary_info.keep.__bi_ptr26
                0x10006e8c        0x4 CMakeFiles/my_pico_program.dir/lib/pico-sdk/src/rp2_common/pico_standard_binary_info/standard_binary_info.c.o
 *(.binary_info.*)
 .binary_info.__bi_ptr50
                0x10006e90        0x4 CMakeFiles/my_pico_program.dir/lib/pico-sdk/src/rp2_common/pico_stdio_uart/stdio_uart.c.o
 .binary_info.__bi_ptr49
                0x10006e94        0x4 CMakeFiles/my_pico_program.dir/lib/pico-sdk/src/rp2_common/pico_stdio_uart/stdio_uart.c.o
 .binary_info.__bi_ptr45
                0x10006e98        0x4 CMakeFiles/my_pico_program.dir/lib/pico-sdk/src/rp2_common/pico_stdio_uart/stdio_uart.c.o
 .binary_info.__bi_ptr197
                0x10006e9c        0x4 CMakeFiles/my_pico_program.dir/lib/pico-sdk/src/rp2_common/pico_stdio_usb/stdio_usb.c.o
                0x10006ea0                        __binary_info_end = .

.rel.dyn        0x10006ea0        0x0
 .rel.iplt      0x10006ea0        0x0 /Applications/ArmGNUToolchain/14.2.rel1/arm-none-eabi/bin/../lib/gcc/arm-none-eabi/14.2.1/thumb/v6-m/nofp/crtbegin.o
                0x10006ea0                        . = ALIGN (0x4)

.ram_vector_table
                0x20000000       0xc0
 *(.ram_vector_table)
 .ram_vector_table
                0x20000000       0xc0 CMakeFiles/my_pico_program.dir/lib/pico-sdk/src/rp2_common/pico_runtime_init/runtime_init.c.o
                0x20000000                ram_vector_table

.uninitialized_data
                0x200000c0        0x0
                0x200000c0                        . = ALIGN (0x4)
 *(.uninitialized_data*)

.data           0x200000c0     0x1518 load address 0x10006ea0
                0x200000c0                        __data_start__ = .
 *(vtable)
 *(.time_critical*)
 .time_critical.mutex_try_enter
                0x200000c0       0x40 CMakeFiles/my_pico_program.dir/lib/pico-sdk/src/common/pico_sync/mutex.c.o
                0x200000c0                mutex_try_enter
 .time_critical.mutex_try_enter_block_until
                0x20000100       0x98 CMakeFiles/my_pico_program.dir/lib/pico-sdk/src/common/pico_sync/mutex.c.o
                0x20000100                mutex_try_enter_block_until
 .time_critical.mutex_enter_timeout_ms
                0x20000198       0x8c CMakeFiles/my_pico_program.dir/lib/pico-sdk/src/common/pico_sync/mutex.c.o
                0x20000198                mutex_enter_timeout_ms
 .time_critical.mutex_exit
                0x20000224       0x28 CMakeFiles/my_pico_program.dir/lib/pico-sdk/src/common/pico_sync/mutex.c.o
                0x20000224                mutex_exit
 .time_critical.flash_init_boot2_copyout
                0x2000024c       0x30 CMakeFiles/my_pico_program.dir/lib/pico-sdk/src/rp2_common/hardware_flash/flash.c.o
 .time_critical.flash_enable_xip_via_boot2
                0x2000027c        0xc CMakeFiles/my_pico_program.dir/lib/pico-sdk/src/rp2_common/hardware_flash/flash.c.o
 .time_critical.flash_cs_force
                0x20000288       0x38 CMakeFiles/my_pico_program.dir/lib/pico-sdk/src/rp2_common/hardware_flash/flash.c.o
 .time_critical.flash_do_cmd
                0x200002c0      0x130 CMakeFiles/my_pico_program.dir/lib/pico-sdk/src/rp2_common/hardware_flash/flash.c.o
                0x200002c0                flash_do_cmd
 .time_critical.reset_non_control_endpoints
                0x200003f0       0x68 CMakeFiles/my_pico_program.dir/lib/pico-sdk/lib/tinyusb/src/portable/raspberrypi/rp2040/dcd_rp2040.c.o
 .time_critical.hw_handle_buff_status
                0x20000458       0xa0 CMakeFiles/my_pico_program.dir/lib/pico-sdk/lib/tinyusb/src/portable/raspberrypi/rp2040/dcd_rp2040.c.o
 .time_critical.dcd_rp2040_irq
                0x200004f8      0x548 CMakeFiles/my_pico_program.dir/lib/pico-sdk/lib/tinyusb/src/portable/raspberrypi/rp2040/dcd_rp2040.c.o
 .time_critical.prepare_ep_buffer
                0x20000a40       0xc8 CMakeFiles/my_pico_program.dir/lib/pico-sdk/lib/tinyusb/src/portable/raspberrypi/rp2040/rp2040_usb.c.o
 .time_critical.sync_ep_buffer
                0x20000b08       0x9c CMakeFiles/my_pico_program.dir/lib/pico-sdk/lib/tinyusb/src/portable/raspberrypi/rp2040/rp2040_usb.c.o
 .time_critical._hw_endpoint_xfer_sync
                0x20000ba4       0x28 CMakeFiles/my_pico_program.dir/lib/pico-sdk/lib/tinyusb/src/portable/raspberrypi/rp2040/rp2040_usb.c.o
 .time_critical.e15_is_bulkin_ep
                0x20000bcc       0x28 CMakeFiles/my_pico_program.dir/lib/pico-sdk/lib/tinyusb/src/portable/raspberrypi/rp2040/rp2040_usb.c.o
 .time_critical.e15_is_critical_frame_period
                0x20000bf4       0x34 CMakeFiles/my_pico_program.dir/lib/pico-sdk/lib/tinyusb/src/portable/raspberrypi/rp2040/rp2040_usb.c.o
 .time_critical.hw_endpoint_reset_transfer
                0x20000c28        0xc CMakeFiles/my_pico_program.dir/lib/pico-sdk/lib/tinyusb/src/portable/raspberrypi/rp2040/rp2040_usb.c.o
                0x20000c28                hw_endpoint_reset_transfer
 .time_critical._hw_endpoint_buffer_control_update32
                0x20000c34       0x50 CMakeFiles/my_pico_program.dir/lib/pico-sdk/lib/tinyusb/src/portable/raspberrypi/rp2040/rp2040_usb.c.o
                0x20000c34                _hw_endpoint_buffer_control_update32
 .time_critical.hw_endpoint_start_next_buffer
                0x20000c84       0x68 CMakeFiles/my_pico_program.dir/lib/pico-sdk/lib/tinyusb/src/portable/raspberrypi/rp2040/rp2040_usb.c.o
                0x20000c84                hw_endpoint_start_next_buffer
 .time_critical.hw_endpoint_xfer_continue
                0x20000cec       0x40 CMakeFiles/my_pico_program.dir/lib/pico-sdk/lib/tinyusb/src/portable/raspberrypi/rp2040/rp2040_usb.c.o
                0x20000cec                hw_endpoint_xfer_continue
 .time_critical.tinyusb
                0x20000d2c      0x1e4 CMakeFiles/my_pico_program.dir/lib/pico-sdk/lib/tinyusb/src/device/usbd.c.o
                0x20000d2c                dcd_event_handler
 *(.text*)
 .text          0x20000f10        0x4 /Applications/ArmGNUToolchain/14.2.rel1/arm-none-eabi/bin/../lib/gcc/arm-none-eabi/14.2.1/thumb/v6-m/nofp/libgcc.a(_dvmd_tls.o)
                0x20000f10                __aeabi_ldiv0
                0x20000f10                __aeabi_idiv0
 *fill*         0x20000f14        0x4 
 .text.__stub   0x20000f18       0x80 linker stubs
                0x20000f98                        . = ALIGN (0x4)
 *(.rodata*)
                0x20000f98                        . = ALIGN (0x4)
 *(.data*)
 .data.use_buffer_A
                0x20000f98        0x1 CMakeFiles/my_pico_program.dir/src/main.cpp.o
                0x20000f98                use_buffer_A
 .data.striped_spin_lock_num
                0x20000f99        0x1 CMakeFiles/my_pico_program.dir/lib/pico-sdk/src/rp2_common/hardware_sync/sync.c.o
 *fill*         0x20000f9a        0x2 
 .data          0x20000f9c       0x48 CMakeFiles/my_pico_program.dir/lib/pico-sdk/src/rp2_common/hardware_irq/irq_handler_chain.S.o
                0x20000f9c                irq_handler_chain_slots
                0x20000fcc                irq_handler_chain_first_slot
                0x20000fd6                irq_handler_chain_remove_tail
 .data.default_alarm_pool
                0x20000fe4       0x18 CMakeFiles/my_pico_program.dir/lib/pico-sdk/src/common/pico_time/time.c.o
 *fill*         0x20000ffc        0x4 
 .data.aeabi_bits_funcs
                0x20001000       0x10 CMakeFiles/my_pico_program.dir/lib/pico-sdk/src/rp2_common/pico_bit_ops/bit_ops_aeabi.S.o
                0x20001000                aeabi_bits_funcs
                0x20001010                aeabi_bits_funcs_end
 .data.aeabi_mem_funcs
                0x20001010       0x10 CMakeFiles/my_pico_program.dir/lib/pico-sdk/src/rp2_common/pico_mem_ops/mem_ops_aeabi.S.o
                0x20001010                aeabi_mem_funcs
                0x20001020                aeabi_mem_funcs_end
 .data.stdio_uart
                0x20001020       0x18 CMakeFiles/my_pico_program.dir/lib/pico-sdk/src/rp2_common/pico_stdio_uart/stdio_uart.c.o
                0x20001020                stdio_uart
 .data.stdio_usb
                0x20001038       0x18 CMakeFiles/my_pico_program.dir/lib/pico-sdk/src/rp2_common/pico_stdio_usb/stdio_usb.c.o
                0x20001038                stdio_usb
 .data._usbd_qdef
                0x20001050       0x1c CMakeFiles/my_pico_program.dir/lib/pico-sdk/lib/tinyusb/src/device/usbd.c.o
                0x20001050                _usbd_qdef
 .data._usbd_rhport
                0x2000106c        0x1 CMakeFiles/my_pico_program.dir/lib/pico-sdk/lib/tinyusb/src/device/usbd.c.o
 *fill*         0x2000106d        0x3 
 .data.__malloc_sbrk_base
                0x20001070        0x4 /Applications/ArmGNUToolchain/14.2.rel1/arm-none-eabi/bin/../lib/gcc/arm-none-eabi/14.2.1/../../../../arm-none-eabi/lib/thumb/v6-m/nofp/libg.a(libc_a-mallocr.o)
                0x20001070                __malloc_sbrk_base
 .data.__malloc_trim_threshold
                0x20001074        0x4 /Applications/ArmGNUToolchain/14.2.rel1/arm-none-eabi/bin/../lib/gcc/arm-none-eabi/14.2.1/../../../../arm-none-eabi/lib/thumb/v6-m/nofp/libg.a(libc_a-mallocr.o)
                0x20001074                __malloc_trim_threshold
 .data.__malloc_av_
                0x20001078      0x408 /Applications/ArmGNUToolchain/14.2.rel1/arm-none-eabi/bin/../lib/gcc/arm-none-eabi/14.2.1/../../../../arm-none-eabi/lib/thumb/v6-m/nofp/libg.a(libc_a-mallocr.o)
                0x20001078                __malloc_av_
 .data.__sglue  0x20001480        0xc /Applications/ArmGNUToolchain/14.2.rel1/arm-none-eabi/bin/../lib/gcc/arm-none-eabi/14.2.1/../../../../arm-none-eabi/lib/thumb/v6-m/nofp/libg.a(libc_a-findfp.o)
                0x20001480                __sglue
 .data._impure_ptr
                0x2000148c        0x4 /Applications/ArmGNUToolchain/14.2.rel1/arm-none-eabi/bin/../lib/gcc/arm-none-eabi/14.2.1/../../../../arm-none-eabi/lib/thumb/v6-m/nofp/libg.a(libc_a-impure.o)
                0x2000148c                _impure_ptr
 .data._impure_data
                0x20001490      0x140 /Applications/ArmGNUToolchain/14.2.rel1/arm-none-eabi/bin/../lib/gcc/arm-none-eabi/14.2.1/../../../../arm-none-eabi/lib/thumb/v6-m/nofp/libg.a(libc_a-impure.o)
                0x20001490                _impure_data
                0x200015d0                        . = ALIGN (0x4)
 *(.after_data.*)
                0x200015d0                        . = ALIGN (0x4)
                0x200015d0                        PROVIDE (__mutex_array_start = .)
 *(SORT_BY_NAME(.mutex_array.*))
 *(.mutex_array)
 .mutex_array   0x200015d0        0x8 CMakeFiles/my_pico_program.dir/lib/pico-sdk/src/rp2_common/pico_stdio/stdio.c.o
                0x200015d8                        PROVIDE (__mutex_array_end = .)
                0x200015d8                        . = ALIGN (0x4)
 *(.jcr)
                0x200015d8                        . = ALIGN (0x4)

.tm_clone_table
                0x200015d8        0x0 load address 0x100083b8
 .tm_clone_table
                0x200015d8        0x0 /Applications/ArmGNUToolchain/14.2.rel1/arm-none-eabi/bin/../lib/gcc/arm-none-eabi/14.2.1/thumb/v6-m/nofp/crtbegin.o
 .tm_clone_table
                0x200015d8        0x0 /Applications/ArmGNUToolchain/14.2.rel1/arm-none-eabi/bin/../lib/gcc/arm-none-eabi/14.2.1/thumb/v6-m/nofp/crtend.o

.igot.plt       0x200015d8        0x0 load address 0x100083b8
 .igot.plt      0x200015d8        0x0 /Applications/ArmGNUToolchain/14.2.rel1/arm-none-eabi/bin/../lib/gcc/arm-none-eabi/14.2.1/thumb/v6-m/nofp/crtbegin.o

.tdata          0x200015d8        0x0 load address 0x100083b8
                0x200015d8                        . = ALIGN (0x4)
 *(.tdata .tdata.* .gnu.linkonce.td.*)
                0x200015d8                        __tdata_end = .
                0x200015d8                        PROVIDE (__data_end__ = .)
                0x10006ea0                        __etext = LOADADDR (.data)

.tbss           0x200015d8        0x0 load address 0x100083b8
                0x200015d8                        . = ALIGN (0x4)
                0x200015d8                        __bss_start__ = .
                0x200015d8                        __tls_base = .
 *(.tbss .tbss.* .gnu.linkonce.tb.*)
 *(.tcommon)
                0x200015d8                        __tls_end = .

.bss            0x200015d8     0x2098 load address 0x100083b8
                0x200015d8                        . = ALIGN (0x4)
                0x200015d8                        __tbss_end = .
 *(SORT_BY_ALIGNMENT(SORT_BY_NAME(.bss*)))
 .bss.default_alarm_pool_entries
                0x200015d8      0x180 CMakeFiles/my_pico_program.dir/lib/pico-sdk/src/common/pico_time/time.c.o
 .bss.last_avail_time.1
                0x20001758        0x8 CMakeFiles/my_pico_program.dir/lib/pico-sdk/src/rp2_common/pico_stdio_usb/stdio_usb.c.o
 .bss.sd_table  0x20001760      0x100 CMakeFiles/my_pico_program.dir/lib/pico-sdk/src/rp2_common/pico_double/double_init_rom_rp2040.c.o
                0x20001760                sd_table
 .bss.__lock___malloc_recursive_mutex
                0x20001860        0x1 /Applications/ArmGNUToolchain/14.2.rel1/arm-none-eabi/bin/../lib/gcc/arm-none-eabi/14.2.1/../../../../arm-none-eabi/lib/thumb/v6-m/nofp/libg.a(libc_a-lock.o)
                0x20001860                __lock___malloc_recursive_mutex
 *fill*         0x20001861        0x3 
 .bss.__lock___sfp_recursive_mutex
                0x20001864        0x1 /Applications/ArmGNUToolchain/14.2.rel1/arm-none-eabi/bin/../lib/gcc/arm-none-eabi/14.2.1/../../../../arm-none-eabi/lib/thumb/v6-m/nofp/libg.a(libc_a-lock.o)
                0x20001864                __lock___sfp_recursive_mutex
 *fill*         0x20001865        0x3 
 .bss.__malloc_current_mallinfo
                0x20001868       0x28 /Applications/ArmGNUToolchain/14.2.rel1/arm-none-eabi/bin/../lib/gcc/arm-none-eabi/14.2.1/../../../../arm-none-eabi/lib/thumb/v6-m/nofp/libg.a(libc_a-mallocr.o)
                0x20001868                __malloc_current_mallinfo
 .bss.__malloc_max_sbrked_mem
                0x20001890        0x4 /Applications/ArmGNUToolchain/14.2.rel1/arm-none-eabi/bin/../lib/gcc/arm-none-eabi/14.2.1/../../../../arm-none-eabi/lib/thumb/v6-m/nofp/libg.a(libc_a-mallocr.o)
                0x20001890                __malloc_max_sbrked_mem
 .bss.__malloc_max_total_mem
                0x20001894        0x4 /Applications/ArmGNUToolchain/14.2.rel1/arm-none-eabi/bin/../lib/gcc/arm-none-eabi/14.2.1/../../../../arm-none-eabi/lib/thumb/v6-m/nofp/libg.a(libc_a-mallocr.o)
                0x20001894                __malloc_max_total_mem
 .bss.__malloc_top_pad
                0x20001898        0x4 /Applications/ArmGNUToolchain/14.2.rel1/arm-none-eabi/bin/../lib/gcc/arm-none-eabi/14.2.1/../../../../arm-none-eabi/lib/thumb/v6-m/nofp/libg.a(libc_a-mallocr.o)
                0x20001898                __malloc_top_pad
 .bss.__sf      0x2000189c      0x138 /Applications/ArmGNUToolchain/14.2.rel1/arm-none-eabi/bin/../lib/gcc/arm-none-eabi/14.2.1/../../../../arm-none-eabi/lib/thumb/v6-m/nofp/libg.a(libc_a-findfp.o)
                0x2000189c                __sf
 .bss.__stdio_exit_handler
                0x200019d4        0x4 /Applications/ArmGNUToolchain/14.2.rel1/arm-none-eabi/bin/../lib/gcc/arm-none-eabi/14.2.1/../../../../arm-none-eabi/lib/thumb/v6-m/nofp/libg.a(libc_a-findfp.o)
                0x200019d4                __stdio_exit_handler
 .bss._app_driver
                0x200019d8        0x4 CMakeFiles/my_pico_program.dir/lib/pico-sdk/lib/tinyusb/src/device/usbd.c.o
 .bss._cdcd_epbuf
                0x200019dc       0x80 CMakeFiles/my_pico_program.dir/lib/pico-sdk/lib/tinyusb/src/class/cdc/cdc_device.c.o
 .bss._cdcd_fifo_cfg
                0x20001a5c        0x1 CMakeFiles/my_pico_program.dir/lib/pico-sdk/lib/tinyusb/src/class/cdc/cdc_device.c.o
 *fill*         0x20001a5d        0x3 
 .bss._cdcd_itf
                0x20001a60       0xc8 CMakeFiles/my_pico_program.dir/lib/pico-sdk/lib/tinyusb/src/class/cdc/cdc_device.c.o
 .bss._ctrl_epbuf
                0x20001b28       0x40 CMakeFiles/my_pico_program.dir/lib/pico-sdk/lib/tinyusb/src/device/usbd_control.c.o
 .bss._ctrl_xfer
                0x20001b68       0x14 CMakeFiles/my_pico_program.dir/lib/pico-sdk/lib/tinyusb/src/device/usbd_control.c.o
 .bss._tusb_rhport_role
                0x20001b7c        0x2 CMakeFiles/my_pico_program.dir/lib/pico-sdk/lib/tinyusb/src/tusb.c.o
                0x20001b7c                _tusb_rhport_role
 *fill*         0x20001b7e        0x2 
 .bss._ubsd_mutexdef
                0x20001b80        0x8 CMakeFiles/my_pico_program.dir/lib/pico-sdk/lib/tinyusb/src/device/usbd.c.o
 .bss._usbd_dev
                0x20001b88       0x54 CMakeFiles/my_pico_program.dir/lib/pico-sdk/lib/tinyusb/src/device/usbd.c.o
 .bss._usbd_mutex
                0x20001bdc        0x4 CMakeFiles/my_pico_program.dir/lib/pico-sdk/lib/tinyusb/src/device/usbd.c.o
 .bss._usbd_q   0x20001be0        0x4 CMakeFiles/my_pico_program.dir/lib/pico-sdk/lib/tinyusb/src/device/usbd.c.o
 .bss._usbd_qdef_buf
                0x20001be4       0xc0 CMakeFiles/my_pico_program.dir/lib/pico-sdk/lib/tinyusb/src/device/usbd.c.o
                0x20001be4                _usbd_qdef_buf
 .bss._vendord_epbuf
                0x20001ca4       0x80 CMakeFiles/my_pico_program.dir/lib/pico-sdk/lib/tinyusb/src/class/vendor/vendor_device.c.o
 .bss._vendord_itf
                0x20001d24      0x24c CMakeFiles/my_pico_program.dir/lib/pico-sdk/lib/tinyusb/src/class/vendor/vendor_device.c.o
 .bss.boot2_copyout
                0x20001f70      0x100 CMakeFiles/my_pico_program.dir/lib/pico-sdk/src/rp2_common/hardware_flash/flash.c.o
 .bss.chars_available_callback
                0x20002070        0x4 CMakeFiles/my_pico_program.dir/lib/pico-sdk/src/rp2_common/pico_stdio_uart/stdio_uart.c.o
 .bss.chars_available_callback
                0x20002074        0x4 CMakeFiles/my_pico_program.dir/lib/pico-sdk/src/rp2_common/pico_stdio_usb/stdio_usb.c.o
 .bss.chars_available_param
                0x20002078        0x4 CMakeFiles/my_pico_program.dir/lib/pico-sdk/src/rp2_common/pico_stdio_uart/stdio_uart.c.o
 .bss.chars_available_param
                0x2000207c        0x4 CMakeFiles/my_pico_program.dir/lib/pico-sdk/src/rp2_common/pico_stdio_usb/stdio_usb.c.o
 .bss.claimed   0x20002080        0x4 CMakeFiles/my_pico_program.dir/lib/pico-sdk/src/rp2_common/hardware_sync/sync.c.o
 .bss.claimed   0x20002084        0x1 CMakeFiles/my_pico_program.dir/lib/pico-sdk/src/rp2_common/hardware_timer/timer.c.o
 *fill*         0x20002085        0x3 
 .bss.configured_freq
                0x20002088       0x28 CMakeFiles/my_pico_program.dir/lib/pico-sdk/src/rp2_common/hardware_clocks/clocks.c.o
 .bss.desc_str.0
                0x200020b0       0x28 CMakeFiles/my_pico_program.dir/lib/pico-sdk/src/rp2_common/pico_stdio_usb/stdio_usb_descriptors.c.o
 .bss.dma_buffer_A
                0x200020d8      0x800 CMakeFiles/my_pico_program.dir/src/main.cpp.o
                0x200020d8                dma_buffer_A
 .bss.dma_buffer_B
                0x200028d8      0x800 CMakeFiles/my_pico_program.dir/src/main.cpp.o
                0x200028d8                dma_buffer_B
 .bss.dma_chan  0x200030d8        0x4 CMakeFiles/my_pico_program.dir/src/main.cpp.o
                0x200030d8                dma_chan
 .bss.drivers   0x200030dc        0x4 CMakeFiles/my_pico_program.dir/lib/pico-sdk/src/rp2_common/pico_stdio/stdio.c.o
 .bss.e15_last_sof
                0x200030e0        0x4 CMakeFiles/my_pico_program.dir/lib/pico-sdk/lib/tinyusb/src/portable/raspberrypi/rp2040/rp2040_usb.c.o
                0x200030e0                e15_last_sof
 .bss.errno     0x200030e4        0x4 /Applications/ArmGNUToolchain/14.2.rel1/arm-none-eabi/bin/../lib/gcc/arm-none-eabi/14.2.1/../../../../arm-none-eabi/lib/thumb/v6-m/nofp/libg.a(libc_a-reent.o)
                0x200030e4                errno
 .bss.filter    0x200030e8        0x4 CMakeFiles/my_pico_program.dir/lib/pico-sdk/src/rp2_common/pico_stdio/stdio.c.o
 .bss.heap_end.0
                0x200030ec        0x4 CMakeFiles/my_pico_program.dir/lib/pico-sdk/src/rp2_common/pico_clib_interface/newlib_interface.c.o
 .bss.hw_endpoints
                0x200030f0      0x400 CMakeFiles/my_pico_program.dir/lib/pico-sdk/lib/tinyusb/src/portable/raspberrypi/rp2040/dcd_rp2040.c.o
 .bss.lazy_vsnprintf
                0x200034f0        0x4 CMakeFiles/my_pico_program.dir/lib/pico-sdk/src/rp2_common/pico_printf/printf.c.o
 .bss.load_value
                0x200034f4        0x4 CMakeFiles/my_pico_program.dir/lib/pico-sdk/src/rp2_common/hardware_watchdog/watchdog.c.o
 .bss.next_buffer_ptr
                0x200034f8        0x4 CMakeFiles/my_pico_program.dir/lib/pico-sdk/lib/tinyusb/src/portable/raspberrypi/rp2040/dcd_rp2040.c.o
 .bss.object.0  0x200034fc       0x18 /Applications/ArmGNUToolchain/14.2.rel1/arm-none-eabi/bin/../lib/gcc/arm-none-eabi/14.2.1/thumb/v6-m/nofp/crtbegin.o
 .bss.one_shot_timer_crit_sec
                0x20003514        0x8 CMakeFiles/my_pico_program.dir/lib/pico-sdk/src/rp2_common/pico_stdio_usb/stdio_usb.c.o
 .bss.pools     0x2000351c       0x10 CMakeFiles/my_pico_program.dir/lib/pico-sdk/src/common/pico_time/time.c.o
 .bss.retrieved_id
                0x2000352c        0x8 CMakeFiles/my_pico_program.dir/lib/pico-sdk/src/rp2_common/pico_unique_id/unique_id.c.o
 .bss.sample_count
                0x20003534        0x4 CMakeFiles/my_pico_program.dir/src/main.cpp.o
                0x20003534                sample_count
 .bss.sf_clz_func
                0x20003538        0x4 CMakeFiles/my_pico_program.dir/lib/pico-sdk/src/rp2_common/pico_double/double_init_rom_rp2040.c.o
                0x20003538                sf_clz_func
 .bss.sf_table  0x2000353c      0x100 CMakeFiles/my_pico_program.dir/lib/pico-sdk/src/rp2_common/pico_float/float_init_rom_rp2040.c.o
                0x2000353c                sf_table
 .bss.sleep_notifier
                0x2000363c        0x4 CMakeFiles/my_pico_program.dir/lib/pico-sdk/src/common/pico_time/time.c.o
 .bss.stdio_usb_mutex
                0x20003640        0x8 CMakeFiles/my_pico_program.dir/lib/pico-sdk/src/rp2_common/pico_stdio_usb/stdio_usb.c.o
 .bss.uart_char_to_line_feed
                0x20003648        0x4 CMakeFiles/my_pico_program.dir/lib/pico-sdk/src/rp2_common/hardware_uart/uart.c.o
                0x20003648                uart_char_to_line_feed
 .bss.uart_instance
                0x2000364c        0x4 CMakeFiles/my_pico_program.dir/lib/pico-sdk/src/rp2_common/pico_stdio_uart/stdio_uart.c.o
 .bss.usbd_serial_str
                0x20003650       0x11 CMakeFiles/my_pico_program.dir/lib/pico-sdk/src/rp2_common/pico_stdio_usb/stdio_usb_descriptors.c.o
 *fill*         0x20003661        0x1 
 .bss._claimed  0x20003662        0x2 CMakeFiles/my_pico_program.dir/lib/pico-sdk/src/rp2_common/hardware_dma/dma.c.o
 .bss._app_driver_count
                0x20003664        0x1 CMakeFiles/my_pico_program.dir/lib/pico-sdk/lib/tinyusb/src/device/usbd.c.o
 .bss._sof_enable
                0x20003665        0x1 CMakeFiles/my_pico_program.dir/lib/pico-sdk/lib/tinyusb/src/portable/raspberrypi/rp2040/dcd_rp2040.c.o
 .bss._usbd_queued_setup
                0x20003666        0x1 CMakeFiles/my_pico_program.dir/lib/pico-sdk/lib/tinyusb/src/device/usbd.c.o
 .bss.boot2_copyout_valid
                0x20003667        0x1 CMakeFiles/my_pico_program.dir/lib/pico-sdk/src/rp2_common/hardware_flash/flash.c.o
 .bss.buffer_A_ready
                0x20003668        0x1 CMakeFiles/my_pico_program.dir/src/main.cpp.o
                0x20003668                buffer_A_ready
 .bss.buffer_B_ready
                0x20003669        0x1 CMakeFiles/my_pico_program.dir/src/main.cpp.o